<html>
<body>
<pre>
<h1>µVision Build Log</h1>
<h2>Tool Versions:</h2>
IDE-Version: ¦ÌVision V5.12.0.0
Copyright (C) 2014 ARM Ltd and ARM Germany GmbH. All rights reserved.
License Information: 111 lenovo, Microsoft, LIC=W9630-BSET4-RDIK3-ADK5X-GJ9CT-9Y63G
 
Tool Versions:
Toolchain:       MDK-ARM Professional  Version: 5.12.0.0
Toolchain Path:  C:\Keil_v5\ARM\ARMCC\Bin
C Compiler:      Armcc.exe V5.05 (build 41)
Assembler:       Armasm.exe V5.05 (build 41)
Linker/Locator:  ArmLink.exe V5.05 (build 41)
Library Manager: ArmAr.exe V5.05 (build 41)
Hex Converter:   FromElf.exe V5.05 (build 41)
CPU DLL:         SARMCM3.DLL V5.12.0.0
Dialog DLL:      DARMSTM.DLL V1.65.0.0
Target DLL:      UL2CM3.DLL V1.153.0.0
Dialog DLL:      SARMSTM.DLL
 
<h2>Project:</h2>
F:\esp8266\onenet esp8266\OneNET_demo_code_kylin-master\OneNET_demo_code_kylin-master\edp onenet test\Project\onenetdemo.uvprojx
Project File Date:  05/29/2018

<h2>Output:</h2>
Rebuild target 'OneNET_Demo_ESP8266_EDP_Led'
compiling core_cm3.c...
compiling system_stm32f10x.c...
assembling startup_stm32f10x_hd.s...
compiling main.c...
compiling stm32f10x_it.c...
compiling misc.c...
compiling stm32f10x_exti.c...
compiling stm32f10x_flash.c...
compiling stm32f10x_gpio.c...
compiling stm32f10x_i2c.c...
compiling stm32f10x_rcc.c...
compiling stm32f10x_usart.c...
compiling stm32f10x_fsmc.c...
compiling usart2.c...
compiling led.c...
compiling key.c...
compiling cJSON.c...
compiling EdpKit.c...
compiling esp8266.c...
compiling delay.c...
compiling sys.c...
compiling usart.c...
compiling dht11.c...
linking...
Program Size: Code=28900 RO-data=492 RW-data=96 ZI-data=3840  
FromELF: creating hex file...
"..\object\onenetdemo.axf" - 0 Error(s), 0 Warning(s).

<h2>Collection of Component include folders:</h2>
  F:\esp8266\onenet esp8266\OneNET_demo_code_kylin-master\OneNET_demo_code_kylin-master\edp onenet test\Project\RTE
  C:\Keil_v5\ARM\PACK\Keil\STM32F1xx_DFP\2.1.0

<h2>Collection of Component Files used:</h2>
..
..\Network\esp8266.h(23): warning:  #1295-D: Deprecated declaration GetSendBuf - give arg types
  extern  void GetSendBuf();
..\Network\esp8266.h(27): warning:  #1295-D: Deprecated declaration ESP8266_SendDat - give arg types
  extern  void ESP8266_SendDat();
..\Driver\led.c: 2 warnings, 0 errors
compiling key.c...
..\Network\esp8266.h(23): warning:  #1295-D: Deprecated declaration GetSendBuf - give arg types
  extern  void GetSendBuf();
..\Network\esp8266.h(27): warning:  #1295-D: Deprecated declaration ESP8266_SendDat - give arg types
  extern  void ESP8266_SendDat();
..\Driver\key.c: 2 warnings, 0 errors
compiling cJSON.c...
compiling EdpKit.c...
compiling esp8266.c...
..\Network\esp8266.h(23): warning:  #1295-D: Deprecated declaration GetSendBuf - give arg types
  extern  void GetSendBuf();
..\Network\esp8266.h(27): warning:  #1295-D: Deprecated declaration ESP8266_SendDat - give arg types
  extern  void ESP8266_SendDat();
..\Network\esp8266.c: 2 warnings, 0 errors
compiling delay.c...
compiling sys.c...
compiling usart.c...
compiling dht11.c...
linking...
Program Size: Code=28900 RO-data=492 RW-data=96 ZI-data=3840  
FromELF: creating hex file...
"..\object\onenetdemo.axf" - 0 Error(s), 10 Warning(s).

<h2>Collection of Component include folders:</h2>
  F:\esp8266\onenet esp8266\OneNET_demo_code_kylin-master\OneNET_demo_code_kylin-master\edp onenet test\Project\RTE
  C:\Keil_v5\ARM\PACK\Keil\STM32F1xx_DFP\2.1.0

<h2>Collection of Component Files used:</h2>

  F:\esp8266\onenet esp8266\OneNET_demo_code_kylin-master\OneNET_demo_code_kylin-master\edp onenet test\Project\RTE
  C:\Keil_v5\ARM\PACK\Keil\STM32F1xx_DFP\2.1.0

<h2>Collection of Component Files used:</h2>
Target not created.
