Component: ARM Compiler 5.05 (build 41) Tool: armlink [4d0eb9]

==============================================================================

Section Cross References

    system_stm32f10x.o(.text) refers to system_stm32f10x.o(.data) for SystemCoreClock
    startup_stm32f10x_hd.o(RESET) refers to startup_stm32f10x_hd.o(STACK) for __initial_sp
    startup_stm32f10x_hd.o(RESET) refers to startup_stm32f10x_hd.o(.text) for Reset_Handler
    startup_stm32f10x_hd.o(RESET) refers to stm32f10x_it.o(.text) for NMI_Handler
    startup_stm32f10x_hd.o(RESET) refers to key.o(.text) for EXTI2_IRQHandler
    startup_stm32f10x_hd.o(.text) refers to system_stm32f10x.o(.text) for SystemInit
    startup_stm32f10x_hd.o(.text) refers to entry.o(.ARM.Collect$$$$00000000) for __main
    main.o(.text) refers to delay.o(.text) for delay_init
    main.o(.text) refers to system_stm32f10x.o(.text) for SystemInit
    main.o(.text) refers to led.o(.text) for LED_Init
    main.o(.text) refers to usart.o(.text) for USART1_Init
    main.o(.text) refers to usart2.o(.text) for USART2_Init
    main.o(.text) refers to dht11.o(.text) for DHT11_Init
    main.o(.text) refers to esp8266.o(.text) for ESP8266_Init
    stm32f10x_it.o(.text) refers to led.o(.text) for LED_CmdCtl
    stm32f10x_it.o(.text) refers to memseta.o(.text) for __aeabi_memclr
    stm32f10x_it.o(.text) refers to usart2.o(.data) for usart2_rcv_len
    stm32f10x_it.o(.text) refers to usart2.o(.bss) for usart2_rcv_buf
    stm32f10x_gpio.o(.text) refers to stm32f10x_rcc.o(.text) for RCC_APB2PeriphResetCmd
    stm32f10x_i2c.o(.text) refers to stm32f10x_rcc.o(.text) for RCC_APB1PeriphResetCmd
    stm32f10x_rcc.o(.text) refers to stm32f10x_rcc.o(.data) for APBAHBPrescTable
    stm32f10x_usart.o(.text) refers to stm32f10x_rcc.o(.text) for RCC_APB2PeriphResetCmd
    usart2.o(.text) refers to stm32f10x_rcc.o(.text) for RCC_APB2PeriphClockCmd
    usart2.o(.text) refers to stm32f10x_gpio.o(.text) for GPIO_Init
    usart2.o(.text) refers to stm32f10x_usart.o(.text) for USART_Init
    usart2.o(.text) refers to misc.o(.text) for NVIC_Init
    led.o(.text) refers to stm32f10x_rcc.o(.text) for RCC_APB2PeriphClockCmd
    led.o(.text) refers to stm32f10x_gpio.o(.text) for GPIO_Init
    led.o(.text) refers to strstr.o(.text) for strstr
    led.o(.text) refers to usart2.o(.bss) for usart2_cmd_buf
    led.o(.text) refers to led.o(.data) for red_value
    key.o(.text) refers to stm32f10x_rcc.o(.text) for RCC_APB2PeriphClockCmd
    key.o(.text) refers to stm32f10x_gpio.o(.text) for GPIO_Init
    key.o(.text) refers to stm32f10x_exti.o(.text) for EXTI_Init
    key.o(.text) refers to misc.o(.text) for NVIC_Init
    cjson.o(.text) refers to tolower.o(.text) for tolower
    cjson.o(.text) refers to strlen.o(.text) for strlen
    cjson.o(.text) refers to memmovea.o(.text) for __aeabi_memcpy
    cjson.o(.text) refers to memseta.o(.text) for __aeabi_memclr4
    cjson.o(.text) refers to dflti.o(.text) for __aeabi_i2d
    cjson.o(.text) refers to dmul.o(.text) for __aeabi_dmul
    cjson.o(.text) refers to dadd.o(.text) for __aeabi_dadd
    cjson.o(.text) refers to pow.o(i.pow) for pow
    cjson.o(.text) refers to dfixi.o(.text) for __aeabi_d2iz
    cjson.o(.text) refers to cdcmple.o(.text) for __aeabi_cdcmpeq
    cjson.o(.text) refers to cdrcmple.o(.text) for __aeabi_cdrcmple
    cjson.o(.text) refers to cjson.o(.data) for ep
    cjson.o(.text) refers to malloc.o(i.malloc) for malloc
    cjson.o(.text) refers to malloc.o(i.free) for free
    cjson.o(.text) refers to printfa.o(i.__0sprintf) for __2sprintf
    cjson.o(.text) refers to floor.o(i.floor) for floor
    cjson.o(.text) refers to cjson.o(.constdata) for firstByteMark
    cjson.o(.text) refers to strcpy.o(.text) for strcpy
    cjson.o(.text) refers to strchr.o(.text) for strchr
    cjson.o(.text) refers to strncmp.o(.text) for strncmp
    cjson.o(.text) refers to f2d.o(.text) for __aeabi_f2d
    cjson.o(.data) refers to malloc.o(i.malloc) for malloc
    cjson.o(.data) refers to malloc.o(i.free) for free
    edpkit.o(.text) refers to malloc.o(i.malloc) for malloc
    edpkit.o(.text) refers to malloc.o(i.free) for free
    edpkit.o(.text) refers to memmovea.o(.text) for __aeabi_memcpy
    edpkit.o(.text) refers to memseta.o(.text) for __aeabi_memclr
    edpkit.o(.text) refers to strncpy.o(.text) for strncpy
    edpkit.o(.text) refers to strlen.o(.text) for strlen
    edpkit.o(.text) refers to cjson.o(.text) for cJSON_Print
    edpkit.o(.text) refers to dflti.o(.text) for __aeabi_i2d
    esp8266.o(.text) refers to printfa.o(i.__0printf) for __2printf
    esp8266.o(.text) refers to usart2.o(.text) for usart2_write
    esp8266.o(.text) refers to key.o(.text) for mDelay
    esp8266.o(.text) refers to memseta.o(.text) for __aeabi_memclr4
    esp8266.o(.text) refers to led.o(.text) for LED_GetValue
    esp8266.o(.text) refers to dht11.o(.text) for DHT11_Read_Data
    esp8266.o(.text) refers to delay.o(.text) for delay_us
[...]
    printfa.o(i.__0vsnprintf) refers to printfa.o(i._printf_core) for _printf_core
    printfa.o(i.__0vsnprintf) refers to printfa.o(i._snputc) for _snputc
    printfa.o(i.__0vsprintf) refers (Special) to iusefp.o(.text) for __I$use$fp
    printfa.o(i.__0vsprintf) refers to printfa.o(i._printf_core) for _printf_core
    printfa.o(i.__0vsprintf) refers to printfa.o(i._sputc) for _sputc
    printfa.o(i._fp_digits) refers (Special) to iusefp.o(.text) for __I$use$fp
    printfa.o(i._fp_digits) refers to dmul.o(.text) for __aeabi_dmul
    printfa.o(i._fp_digits) refers to ddiv.o(.text) for __aeabi_ddiv
    printfa.o(i._fp_digits) refers to cdrcmple.o(.text) for __aeabi_cdrcmple
    printfa.o(i._fp_digits) refers to dadd.o(.text) for __aeabi_dadd
    printfa.o(i._fp_digits) refers to dfixul.o(.text) for __aeabi_d2ulz
    printfa.o(i._fp_digits) refers to uldiv.o(.text) for __aeabi_uldivmod
    printfa.o(i._printf_core) refers (Special) to iusefp.o(.text) for __I$use$fp
    printfa.o(i._printf_core) refers to printfa.o(i._printf_pre_padding) for _printf_pre_padding
    printfa.o(i._printf_core) refers to uldiv.o(.text) for __aeabi_uldivmod
    printfa.o(i._printf_core) refers to printfa.o(i._printf_post_padding) for _printf_post_padding
    printfa.o(i._printf_core) refers to printfa.o(i._fp_digits) for _fp_digits
    printfa.o(i._printf_core) refers to uidiv.o(.text) for __aeabi_uidivmod
    printfa.o(i._printf_post_padding) refers (Special) to iusefp.o(.text) for __I$use$fp
    printfa.o(i._printf_pre_padding) refers (Special) to iusefp.o(.text) for __I$use$fp
    printfa.o(i._snputc) refers (Special) to iusefp.o(.text) for __I$use$fp
    printfa.o(i._sputc) refers (Special) to iusefp.o(.text) for __I$use$fp
    malloc.o(i.free) refers to mvars.o(.data) for __microlib_freelist
    malloc.o(i.malloc) refers to mvars.o(.data) for __microlib_freelist_initialised
    malloc.o(i.malloc) refers to mvars.o(.data) for __microlib_freelist
    malloc.o(i.malloc) refers to startup_stm32f10x_hd.o(HEAP) for __heap_base
    mallocr.o(i.__free$realloc) refers to mvars.o(.data) for __microlib_freelist
    mallocr.o(i.__malloc$realloc) refers to mallocr.o(i.internal_alloc) for internal_alloc
    mallocr.o(i.__malloc$realloc) refers to mvars.o(.data) for __microlib_freelist_initialised
    mallocr.o(i.__malloc$realloc) refers to startup_stm32f10x_hd.o(HEAP) for __heap_base
    mallocr.o(i.__malloc$realloc) refers to mvars.o(.data) for __microlib_freelist
    mallocr.o(i.internal_alloc) refers to memmovea.o(.text) for __aeabi_memcpy
    mallocr.o(i.internal_alloc) refers to mvars.o(.data) for __microlib_freelist
    mallocr.o(i.realloc) refers to mallocr.o(i.__free$realloc) for __free$realloc
    mallocr.o(i.realloc) refers to mallocr.o(i.internal_alloc) for internal_alloc
    mallocr.o(i.realloc) refers to mallocr.o(i.__malloc$realloc) for __malloc$realloc
    mallocr.o(i.realloc) refers to mvars.o(.data) for __microlib_freelist
    malloca.o(i.__aligned_malloc) refers to mvars.o(.data) for __microlib_freelist_initialised
    malloca.o(i.__aligned_malloc) refers to mvars.o(.data) for __microlib_freelist
    malloca.o(i.__aligned_malloc) refers to startup_stm32f10x_hd.o(HEAP) for __heap_base
    malloca.o(i.__free$memalign) refers to mvars.o(.data) for __microlib_freelist
    malloca.o(i.__malloc$memalign) refers to malloca.o(i.__aligned_malloc) for __aligned_malloc
    mallocra.o(i.__aligned_malloc$realloc) refers to mallocra.o(i.internal_alloc) for internal_alloc
    mallocra.o(i.__aligned_malloc$realloc) refers to mvars.o(.data) for __microlib_freelist_initialised
    mallocra.o(i.__aligned_malloc$realloc) refers to startup_stm32f10x_hd.o(HEAP) for __heap_base
    mallocra.o(i.__aligned_malloc$realloc) refers to mvars.o(.data) for __microlib_freelist
    mallocra.o(i.__free$realloc$memalign) refers to mvars.o(.data) for __microlib_freelist
    mallocra.o(i.__malloc$realloc$memalign) refers to mallocra.o(i.__aligned_malloc$realloc) for __aligned_malloc$realloc
    mallocra.o(i.__realloc$memalign) refers to mallocra.o(i.__free$realloc$memalign) for __free$realloc$memalign
    mallocra.o(i.__realloc$memalign) refers to mallocra.o(i.internal_alloc) for internal_alloc
    mallocra.o(i.__realloc$memalign) refers to mallocra.o(i.__malloc$realloc$memalign) for __malloc$realloc$memalign
    mallocra.o(i.__realloc$memalign) refers to mvars.o(.data) for __microlib_freelist
    mallocra.o(i.internal_alloc) refers to memmovea.o(.text) for __aeabi_memcpy
    mallocra.o(i.internal_alloc) refers to mvars.o(.data) for __microlib_freelist
    dadd.o(.text) refers (Special) to iusefp.o(.text) for __I$use$fp
    dadd.o(.text) refers to llshl.o(.text) for __aeabi_llsl
    dadd.o(.text) refers to llsshr.o(.text) for __aeabi_lasr
    dadd.o(.text) refers to depilogue.o(.text) for _double_epilogue
    dmul.o(.text) refers (Special) to iusefp.o(.text) for __I$use$fp
    dmul.o(.text) refers to depilogue.o(.text) for _double_epilogue
    dflti.o(.text) refers (Special) to iusefp.o(.text) for __I$use$fp
    dflti.o(.text) refers to depilogue.o(.text) for _double_epilogue
    dfixi.o(.text) refers (Special) to iusefp.o(.text) for __I$use$fp
    dfixi.o(.text) refers to llushr.o(.text) for __aeabi_llsr
    f2d.o(.text) refers (Special) to iusefp.o(.text) for __I$use$fp
    cdcmple.o(.text) refers (Special) to iusefp.o(.text) for __I$use$fp
    cdrcmple.o(.text) refers (Special) to iusefp.o(.text) for __I$use$fp
    dunder.o(i.__mathlib_dbl_divzero) refers to ddiv.o(.text) for __aeabi_ddiv
    dunder.o(i.__mathlib_dbl_infnan) refers to dscalb.o(.text) for __ARM_scalbn
    dunder.o(i.__mathlib_dbl_infnan2) refers to dadd.o(.text) for __aeabi_dadd
    dunder.o(i.__mathlib_dbl_invalid) refers to ddiv.o(.text) for __aeabi_ddiv
    dunder.o(i.__mathlib_dbl_overflow) refers to dscalb.o(.text) for __ARM_scalbn
    dunder.o(i.__mathlib_dbl_posinfnan) refers to dmul.o(.text) for __aeabi_dmul
    dunder.o(i.__mathlib_dbl_underflow) refers to dscalb.o(.text) for __ARM_scalbn
    fpclassify.o(i.__ARM_fpclassify) refers (Special) to iusefp.o(.text) for __I$use$fp
    poly.o(i.__kernel_poly) refers (Special) to iusefp.o(.text) for __I$use$fp
    poly.o(i.__kernel_poly) refers to dmul.o(.text) for __aeabi_dmul
    poly.o(i.__kernel_poly) refers to dadd.o(.text) for __aeabi_dadd
    qnan.o(.constdata) refers (Special) to iusefp.o(.text) for __I$use$fp
    sqrt.o(i.__softfp_sqrt) refers (Special) to iusefp.o(.text) for __I$use$fp
    sqrt.o(i.__softfp_sqrt) refers to dsqrt.o(.text) for _dsqrt
    sqrt.o(i.__softfp_sqrt) refers to errno.o(i.__set_errno) for __set_errno
    sqrt.o(i.sqrt) refers (Special) to iusefp.o(.text) for __I$use$fp
    sqrt.o(i.sqrt) refers to dsqrt.o(.text) for _dsqrt
    sqrt.o(i.sqrt) refers to errno.o(i.__set_errno) for __set_errno
    sqrt_x.o(i.____softfp_sqrt$lsc) refers (Special) to iusefp.o(.text) for __I$use$fp
    sqrt_x.o(i.____softfp_sqrt$lsc) refers to cdcmple.o(.text) for __aeabi_cdcmple
    sqrt_x.o(i.____softfp_sqrt$lsc) refers to errno.o(i.__set_errno) for __set_errno
    sqrt_x.o(i.____softfp_sqrt$lsc) refers to dsqrt.o(.text) for _dsqrt
    sqrt_x.o(i.__sqrt$lsc) refers (Special) to iusefp.o(.text) for __I$use$fp
    sqrt_x.o(i.__sqrt$lsc) refers to cdcmple.o(.text) for __aeabi_cdcmple
    sqrt_x.o(i.__sqrt$lsc) refers to errno.o(i.__set_errno) for __set_errno
    sqrt_x.o(i.__sqrt$lsc) refers to dsqrt.o(.text) for _dsqrt
    entry2.o(.ARM.Collect$$$$00000001) refers to entry2.o(.ARM.Collect$$$$00002712) for __lit__00000000
    entry2.o(.ARM.Collect$$$$00002712) refers to startup_stm32f10x_hd.o(STACK) for __initial_sp
    entry2.o(__vectab_stack_and_reset_area) refers to startup_stm32f10x_hd.o(STACK) for __initial_sp
    entry2.o(__vectab_stack_and_reset_area) refers to entry.o(.ARM.Collect$$$$00000000) for __main
    entry5.o(.ARM.Collect$$$$00000004) refers to init.o(.text) for __scatterload
    entry9a.o(.ARM.Collect$$$$0000000B) refers to main.o(.text) for main
    entry9b.o(.ARM.Collect$$$$0000000C) refers to main.o(.text) for main
    uldiv.o(.text) refers to llushr.o(.text) for __aeabi_llsr
    uldiv.o(.text) refers to llshl.o(.text) for __aeabi_llsl
    errno.o(i.__aeabi_errno_addr) refers to errno.o(.data) for .data
    errno.o(i.__read_errno) refers to errno.o(.data) for .data
    errno.o(i.__set_errno) refers to errno.o(.data) for .data
    depilogue.o(.text) refers to llshl.o(.text) for __aeabi_llsl
    depilogue.o(.text) refers to llushr.o(.text) for __aeabi_llsr
    ddiv.o(.text) refers to depilogue.o(.text) for _double_round
    dfixul.o(.text) refers to llushr.o(.text) for __aeabi_llsr
    dfixul.o(.text) refers to llshl.o(.text) for __aeabi_llsl
    init.o(.text) refers to entry5.o(.ARM.Collect$$$$00000004) for __main_after_scatterload
    dsqrt.o(.text) refers to llushr.o(.text) for __aeabi_llsr
    dsqrt.o(.text) refers to depilogue.o(.text) for _double_round


==============================================================================

Removing Unused input sections from the image.

    Removing core_cm3.o(.emb_text), (32 bytes).
    Removing stm32f10x_flash.o(.text), (1468 bytes).
    Removing stm32f10x_i2c.o(.text), (1028 bytes).
    Removing stm32f10x_fsmc.o(.text), (1548 bytes).
    Removing sys.o(.emb_text), (6 bytes).
    Removing sys.o(.text), (12 bytes).
    Removing usart.o(.bss), (200 bytes).

7 unused section(s) (total 4294 bytes) removed from the image.

==============================================================================

Image Symbol Table

    Local Symbols

    Symbol Name                              Value     Ov Type        Size  Object(Section)

    ../clib/microlib/ctype/tolower.c         0x00000000   Number         0  tolower.o ABSOLUTE
    ../clib/microlib/division.c              0x00000000   Number         0  uidiv.o ABSOLUTE
    ../clib/microlib/division.c              0x00000000   Number         0  uldiv.o ABSOLUTE
    ../clib/microlib/errno.c                 0x00000000   Number         0  errno.o ABSOLUTE
    ../clib/microlib/init/entry.s            0x00000000   Number         0  entry10a.o ABSOLUTE
    ../clib/microlib/init/entry.s            0x00000000   Number         0  entry10b.o ABSOLUTE
    ../clib/microlib/init/entry.s            0x00000000   Number         0  entry8a.o ABSOLUTE
    ../clib/microlib/init/entry.s            0x00000000   Number         0  entry11a.o ABSOLUTE
    ../clib/microlib/init/entry.s            0x00000000   Number         0  entry11b.o ABSOLUTE
    ../clib/microlib/init/entry.s            0x00000000   Number         0  entry.o ABSOLUTE
    ../clib/microlib/init/entry.s            0x00000000   Number         0  entry2.o ABSOLUTE
    ../clib/microlib/init/entry.s            0x00000000   Number         0  entry5.o ABSOLUTE
    ../clib/microlib/init/entry.s            0x00000000   Number         0  entry7a.o ABSOLUTE
    ../clib/microlib/init/entry.s            0x00000000   Number         0  entry7b.o ABSOLUTE
    ../clib/microlib/init/entry.s            0x00000000   Number         0  entry8b.o ABSOLUTE
    ../clib/microlib/init/entry.s            0x00000000   Number         0  entry9a.o ABSOLUTE
    ../clib/microlib/init/entry.s            0x00000000   Number         0  entry9b.o ABSOLUTE
    ../clib/microlib/longlong.c              0x00000000   Number         0  llshl.o ABSOLUTE
    ../clib/microlib/longlong.c              0x00000000   Number         0  llushr.o ABSOLUTE
    ../clib/microlib/longlong.c              0x00000000   Number         0  llsshr.o ABSOLUTE
    ../clib/microlib/malloc/malloc.c         0x00000000   Number         0  malloc.o ABSOLUTE
    ../clib/microlib/malloc/malloc.c         0x00000000   Number         0  mallocra.o ABSOLUTE
    ../clib/microlib/malloc/malloc.c         0x00000000   Number         0  malloca.o ABSOLUTE
    ../clib/microlib/malloc/malloc.c         0x00000000   Number         0  mallocr.o ABSOLUTE
    ../clib/microlib/malloc/mvars.c          0x00000000   Number         0  mvars.o ABSOLUTE
    ../clib/microlib/printf/printf.c         0x00000000   Number         0  printfa.o ABSOLUTE
    ../clib/microlib/printf/printf.c         0x00000000   Number         0  printf5.o ABSOLUTE
    ../clib/microlib/printf/printf.c         0x00000000   Number         0  printf4.o ABSOLUTE
    ../clib/microlib/printf/printf.c         0x00000000   Number         0  printf2.o ABSOLUTE
    ../clib/microlib/printf/printf.c         0x00000000   Number         0  printf3.o ABSOLUTE
    ../clib/microlib/printf/printf.c         0x00000000   Number         0  printf6.o ABSOLUTE
    ../clib/microlib/printf/printf.c         0x00000000   Number         0  printf0.o ABSOLUTE
    ../clib/microlib/printf/printf.c         0x00000000   Number         0  printf7.o ABSOLUTE
    ../clib/microlib/printf/printf.c         0x00000000   Number         0  printf8.o ABSOLUTE
    ../clib/microlib/printf/printf.c         0x00000000   Number         0  printfb.o ABSOLUTE
    ../clib/microlib/printf/printf.c         0x00000000   Number         0  printf1.o ABSOLUTE
    ../clib/microlib/printf/stubs.s          0x00000000   Number         0  stubs.o ABSOLUTE
    ../clib/microlib/string/memcpy.c         0x00000000   Number         0  memmovea.o ABSOLUTE
    ../clib/microlib/string/memcpy.c         0x00000000   Number         0  memcpyb.o ABSOLUTE
    ../clib/microlib/string/memcpy.c         0x00000000   Number         0  memcpya.o ABSOLUTE
    ../clib/microlib/string/memcpy.c         0x00000000   Number         0  memmoveb.o ABSOLUTE
    ../clib/microlib/string/memset.c         0x00000000   Number         0  memseta.o ABSOLUTE
    ../clib/microlib/string/strcat.c         0x00000000   Number         0  strcat.o ABSOLUTE
    ../clib/microlib/string/strchr.c         0x00000000   Number         0  strchr.o ABSOLUTE
    ../clib/microlib/string/strcpy.c         0x00000000   Number         0  strcpy.o ABSOLUTE
    ../clib/microlib/string/strlen.c         0x00000000   Number         0  strlen.o ABSOLUTE
    ../clib/microlib/string/strncmp.c        0x00000000   Number         0  strncmp.o ABSOLUTE
    ../clib/microlib/string/strncpy.c        0x00000000   Number         0  strncpy.o ABSOLUTE
    ../clib/microlib/string/strstr.c         0x00000000   Number         0  strstr.o ABSOLUTE
    ../clib/microlib/stubs.s                 0x00000000   Number         0  useno.o ABSOLUTE
    ../clib/microlib/stubs.s                 0x00000000   Number         0  iusefp.o ABSOLUTE
    ../fplib/microlib/f2d.c                  0x00000000   Number         0  f2d.o ABSOLUTE
    ../fplib/microlib/fpadd.c                0x00000000   Number         0  dadd.o ABSOLUTE
    ../fplib/microlib/fpdiv.c                0x00000000   Number         0  ddiv.o ABSOLUTE
    ../fplib/microlib/fpepilogue.c           0x00000000   Number         0  depilogue.o ABSOLUTE
    ../fplib/microlib/fpfix.c                0x00000000   Number         0  dfixul.o ABSOLUTE
    ../fplib/microlib/fpfix.c                0x00000000   Number         0  dfixi.o ABSOLUTE
    ../fplib/microlib/fpflt.c                0x00000000   Number         0  dflti.o ABSOLUTE
    ../fplib/microlib/fpmul.c                0x00000000   Number         0  dmul.o ABSOLUTE
    ../fplib/microlib/fpscalb.c              0x00000000   Number         0  dscalb.o ABSOLUTE
    ../fplib/microlib/fpsqrt.c               0x00000000   Number         0  dsqrt.o ABSOLUTE
    ../mathlib/dunder.c                      0x00000000   Number         0  dunder.o ABSOLUTE
    ../mathlib/floor.c                       0x00000000   Number         0  floor.o ABSOLUTE
    ../mathlib/fpclassify.c                  0x00000000   Number         0  fpclassify.o ABSOLUTE
    ../mathlib/poly.c                        0x00000000   Number         0  poly.o ABSOLUTE
    ../mathlib/pow.c                         0x00000000   Number         0  pow_x.o ABSOLUTE
    ../mathlib/pow.c                         0x00000000   Number         0  pow.o ABSOLUTE
    ../mathlib/qnan.c                        0x00000000   Number         0  qnan.o ABSOLUTE
    ../mathlib/sqrt.c                        0x00000000   Number         0  sqrt_x.o ABSOLUTE
    ../mathlib/sqrt.c                        0x00000000   Number         0  sqrt.o ABSOLUTE
    ..\Driver\key.c                          0x00000000   Number         0  key.o ABSOLUTE
    ..\Driver\led.c                          0x00000000   Number         0  led.o ABSOLUTE
    ..\Driver\usart2.c                       0x00000000   Number         0  usart2.o ABSOLUTE
    ..\EDP\EdpKit.c                          0x00000000   Number         0  edpkit.o ABSOLUTE
    ..\EDP\cJSON.c                           0x00000000   Number         0  cjson.o ABSOLUTE
    ..\Libraries\CMSIS\core_cm3.c            0x00000000   Number         0  core_cm3.o ABSOLUTE
    ..\Libraries\CMSIS\startup\arm\startup_stm32f10x_hd.s 0x00000000   Number         0  startup_stm32f10x_hd.o ABSOLUTE
    ..\Libraries\CMSIS\system_stm32f10x.c    0x00000000   Number         0  system_stm32f10x.o ABSOLUTE
    ..\Libraries\STM32F10x_StdPeriph_Driver\src\misc.c 0x00000000   Number         0  misc.o ABSOLUTE
    ..\Libraries\STM32F10x_StdPeriph_Driver\src\stm32f10x_exti.c 0x00000000   Number         0  stm32f10x_exti.o ABSOLUTE
    ..\Libraries\STM32F10x_StdPeriph_Driver\src\stm32f10x_flash.c 0x00000000   Number         0  stm32f10x_flash.o ABSOLUTE
    ..\Libraries\STM32F10x_StdPeriph_Driver\src\stm32f10x_fsmc.c 0x00000000   Number         0  stm32f10x_fsmc.o ABSOLUTE
    ..\Libraries\STM32F10x_StdPeriph_Driver\src\stm32f10x_gpio.c 0x00000000   Number         0  stm32f10x_gpio.o ABSOLUTE
    ..\Libraries\STM32F10x_StdPeriph_Driver\src\stm32f10x_i2c.c 0x00000000   Number         0  stm32f10x_i2c.o ABSOLUTE
    ..\Libraries\STM32F10x_StdPeriph_Driver\src\stm32f10x_rcc.c 0x00000000   Number         0  stm32f10x_rcc.o ABSOLUTE
    ..\Libraries\STM32F10x_StdPeriph_Driver\src\stm32f10x_usart.c 0x00000000   Number         0  stm32f10x_usart.o ABSOLUTE
    ..\Network\esp8266.c                     0x00000000   Number         0  esp8266.o ABSOLUTE
    ..\SYSTEM\delay\delay.c                  0x00000000   Number         0  delay.o ABSOLUTE
    ..\SYSTEM\dht11\dht11.c                  0x00000000   Number         0  dht11.o ABSOLUTE
    ..\SYSTEM\sys\sys.c                      0x00000000   Number         0  sys.o ABSOLUTE
    ..\SYSTEM\usart\usart.c                  0x00000000   Number         0  usart.o ABSOLUTE
    ..\User\main.c                           0x00000000   Number         0  main.o ABSOLUTE
    ..\User\stm32f10x_it.c                   0x00000000   Number         0  stm32f10x_it.o ABSOLUTE
    ..\\Libraries\\CMSIS\\core_cm3.c         0x00000000   Number         0  core_cm3.o ABSOLUTE
    ..\\SYSTEM\\sys\\sys.c                   0x00000000   Number         0  sys.o ABSOLUTE
    cdcmple.s                                0x00000000   Number         0  cdcmple.o ABSOLUTE
    cdrcmple.s                               0x00000000   Number         0  cdrcmple.o ABSOLUTE
    dc.s                                     0x00000000   Number         0  dc.o ABSOLUTE
    handlers.s                               0x00000000   Number         0  handlers.o ABSOLUTE
    init.s                                   0x00000000   Number         0  init.o ABSOLUTE
    RESET                                    0x08000000   Section      304  startup_stm32f10x_hd.o(RESET)
    .ARM.Collect$$$$00000000                 0x08000130   Section        0  entry.o(.ARM.Collect$$$$00000000)
    .ARM.Collect$$$$00000001                 0x08000130   Section        4  entry2.o(.ARM.Collect$$$$00000001)
    .ARM.Collect$$$$00000004                 0x08000134   Section        4  entry5.o(.ARM.Collect$$$$00000004)
    .ARM.Collect$$$$00000008                 0x08000138   Section        0  entry7b.o(.ARM.Collect$$$$00000008)
    .ARM.Collect$$$$0000000A                 0x08000138   Section        0  entry8b.o(.ARM.Collect$$$$0000000A)
    .ARM.Collect$$$$0000000B                 0x08000138   Section        8  entry9a.o(.ARM.Collect$$$$0000000B)
    .ARM.Collect$$$$0000000D                 0x08000140   Section        0  entry10a.o(.ARM.Collect$$$$0000000D)
    .ARM.Collect$$$$0000000F                 0x08000140   Section        0  entry11a.o(.ARM.Collect$$$$0000000F)
    .ARM.Collect$$$$00002712                 0x08000140   Section        4  entry2.o(.ARM.Collect$$$$00002712)
    __lit__00000000                          0x08000140   Data           4  entry2.o(.ARM.Collect$$$$00002712)
    .text                                    0x08000144   Section        0  system_stm32f10x.o(.text)
    SetSysClockTo72                          0x08000145   Thumb Code   214  system_stm32f10x.o(.text)
    SetSysClock                              0x0800021b   Thumb Code     8  system_stm32f10x.o(.text)
    .text                                    0x08000324   Section       36  startup_stm32f10x_hd.o(.text)
    .text                                    0x08000348   Section        0  main.o(.text)
    .text                                    0x080003c4   Section        0  stm32f10x_it.o(.text)
    .text                                    0x08000478   Section        0  misc.o(.text)
    .text                                    0x08000554   Section        0  stm32f10x_exti.o(.text)
    .text                                    0x08000670   Section        0  stm32f10x_gpio.o(.text)
    .text                                    0x080009cc   Section        0  stm32f10x_rcc.o(.text)
    .text                                    0x08000d70   Section        0  stm32f10x_usart.o(.text)
    .text                                    0x08001178   Section        0  usart2.o(.text)
    .text                                    0x08001258   Section        0  led.o(.text)
    .text                                    0x080013d8   Section        0  key.o(.text)
    .text                                    0x080015f8   Section        0  cjson.o(.text)
    cJSON_strcasecmp                         0x080015ff   Thumb Code    76  cjson.o(.text)
    cJSON_strdup                             0x0800164b   Thumb Code    42  cjson.o(.text)
    cJSON_New_Item                           0x080016a5   Thumb Code    26  cjson.o(.text)
    parse_number                             0x08001711   Thumb Code   432  cjson.o(.text)
    pow2gt                                   0x080018c1   Thumb Code    28  cjson.o(.text)
    ensure                                   0x080018dd   Thumb Code   104  cjson.o(.text)
    update                                   0x08001945   Thumb Code    32  cjson.o(.text)
    print_number                             0x08001965   Thumb Code   398  cjson.o(.text)
    parse_hex4                               0x08001af3   Thumb Code   276  cjson.o(.text)
    parse_string                             0x08001c07   Thumb Code   448  cjson.o(.text)
    print_string_ptr                         0x08001dc7   Thumb Code   502  cjson.o(.text)
    print_string                             0x08001fbd   Thumb Code    16  cjson.o(.text)
    skip                                     0x08001fcd   Thumb Code    18  cjson.o(.text)
    parse_object                             0x08001fdf   Thumb Code   272  cjson.o(.text)
    parse_array                              0x080020ef   Thumb Code   168  cjson.o(.text)
    parse_value                              0x08002197   Thumb Code   210  cjson.o(.text)
    print_object                             0x080022d9   Thumb Code  1052  cjson.o(.text)
    print_array                              0x080026f5   Thumb Code   578  cjson.o(.text)
    print_value                              0x08002937   Thumb Code   290  cjson.o(.text)
    suffix_object                            0x08002af5   Thumb Code     6  cjson.o(.text)
    create_reference                         0x08002afb   Thumb Code    48  cjson.o(.text)
    .text                                    0x08003084   Section        0  edpkit.o(.text)
    FormatAt                                 0x08003087   Thumb Code     6  edpkit.o(.text)
    PacketSavedataType1Int                   0x080035e1   Thumb Code   224  edpkit.o(.text)
    PacketSavedataType1Double                0x080036c1   Thumb Code   216  edpkit.o(.text)
    PacketSavedataType1String                0x08003799   Thumb Code   270  edpkit.o(.text)
    PacketSavedataType2Int                   0x080038a7   Thumb Code    68  edpkit.o(.text)
    PacketSavedataType2Double                0x080038eb   Thumb Code    70  edpkit.o(.text)
    PacketSavedataType2String                0x08003931   Thumb Code    68  edpkit.o(.text)
    PacketSavedataType3Int                   0x08003975   Thumb Code   110  edpkit.o(.text)
    PacketSavedataType3Double                0x080039e3   Thumb Code   110  edpkit.o(.text)
    PacketSavedataType3String                0x08003a51   Thumb Code   108  edpkit.o(.text)
    UnpackSavedataType1Int                   0x08003c35   Thumb Code   202  edpkit.o(.text)
    UnpackSavedataType1Double                0x08003cff   Thumb Code   206  edpkit.o(.text)
    UnpackSavedataType1String                0x08003dcd   Thumb Code   246  edpkit.o(.text)
    UnpackSavedataType2Int                   0x08003ec3   Thumb Code    96  edpkit.o(.text)
    UnpackSavedataType2Double                0x08003f23   Thumb Code   100  edpkit.o(.text)
    UnpackSavedataType2String                0x08003f87   Thumb Code   140  edpkit.o(.text)
    UnpackSavedataType3Int                   0x08004013   Thumb Code   110  edpkit.o(.text)
    UnpackSavedataType3Double                0x08004081   Thumb Code   114  edpkit.o(.text)
    UnpackSavedataType3String                0x080040f3   Thumb Code   148  edpkit.o(.text)
    .text                                    0x080048bc   Section        0  esp8266.o(.text)
    .text                                    0x08005090   Section        0  delay.o(.text)
    .text                                    0x08005164   Section        0  usart.o(.text)
    .text                                    0x08005224   Section        0  dht11.o(.text)
    .text                                    0x080053ac   Section        0  tolower.o(.text)
    .text                                    0x080053b8   Section        0  memmovea.o(.text)
    .text                                    0x080053f8   Section        0  memseta.o(.text)
    .text                                    0x0800541c   Section        0  strcat.o(.text)
    .text                                    0x08005434   Section        0  strstr.o(.text)
    .text                                    0x08005458   Section        0  strncpy.o(.text)
    .text                                    0x08005470   Section        0  strchr.o(.text)
    .text                                    0x08005484   Section        0  strlen.o(.text)
    .text                                    0x08005492   Section        0  strcpy.o(.text)
    .text                                    0x080054a4   Section        0  strncmp.o(.text)
    .text                                    0x080054c2   Section        0  dadd.o(.text)
    .text                                    0x08005610   Section        0  dmul.o(.text)
    .text                                    0x080056f4   Section        0  dflti.o(.text)
    .text                                    0x08005716   Section        0  dfixi.o(.text)
    .text                                    0x08005754   Section        0  f2d.o(.text)
    .text                                    0x0800577c   Section       48  cdcmple.o(.text)
    .text                                    0x080057ac   Section       48  cdrcmple.o(.text)
    .text                                    0x080057dc   Section        0  uidiv.o(.text)
    .text                                    0x08005808   Section        0  uldiv.o(.text)
    .text                                    0x0800586a   Section        0  llshl.o(.text)
    .text                                    0x08005888   Section        0  llushr.o(.text)
    .text                                    0x080058a8   Section        0  llsshr.o(.text)
    .text                                    0x080058cc   Section        0  depilogue.o(.text)
    .text                                    0x080058cc   Section        0  iusefp.o(.text)
    .text                                    0x08005986   Section        0  ddiv.o(.text)
    .text                                    0x08005a64   Section        0  dscalb.o(.text)
    .text                                    0x08005a92   Section        0  dfixul.o(.text)
    .text                                    0x08005ac4   Section       36  init.o(.text)
    .text                                    0x08005ae8   Section        0  dsqrt.o(.text)
    i.__0printf                              0x08005b8c   Section        0  printfa.o(i.__0printf)
    i.__0sprintf                             0x08005bac   Section        0  printfa.o(i.__0sprintf)
    i.__ARM_fpclassify                       0x08005bd4   Section        0  fpclassify.o(i.__ARM_fpclassify)
    i.__kernel_poly                          0x08005bfc   Section        0  poly.o(i.__kernel_poly)
    i.__mathlib_dbl_divzero                  0x08005ca8   Section        0  dunder.o(i.__mathlib_dbl_divzero)
    i.__mathlib_dbl_infnan2                  0x08005cb8   Section        0  dunder.o(i.__mathlib_dbl_infnan2)
    i.__mathlib_dbl_invalid                  0x08005cbc   Section        0  dunder.o(i.__mathlib_dbl_invalid)
    i.__mathlib_dbl_overflow                 0x08005cc8   Section        0  dunder.o(i.__mathlib_dbl_overflow)
    i.__mathlib_dbl_underflow                0x08005cd8   Section        0  dunder.o(i.__mathlib_dbl_underflow)
    i.__scatterload_copy                     0x08005ce8   Section       14  handlers.o(i.__scatterload_copy)
    i.__scatterload_null                     0x08005cf6   Section        2  handlers.o(i.__scatterload_null)
    i.__scatterload_zeroinit                 0x08005cf8   Section       14  handlers.o(i.__scatterload_zeroinit)
    i.__set_errno                            0x08005d08   Section        0  errno.o(i.__set_errno)
    i._fp_digits                             0x08005d14   Section        0  printfa.o(i._fp_digits)
    _fp_digits                               0x08005d15   Thumb Code   334  printfa.o(i._fp_digits)
    i._printf_core                           0x08005e78   Section        0  printfa.o(i._printf_core)
    _printf_core                             0x08005e79   Thumb Code  1744  printfa.o(i._printf_core)
    i._printf_post_padding                   0x08006554   Section        0  printfa.o(i._printf_post_padding)
    _printf_post_padding                     0x08006555   Thumb Code    36  printfa.o(i._printf_post_padding)
    i._printf_pre_padding                    0x08006578   Section        0  printfa.o(i._printf_pre_padding)
    _printf_pre_padding                      0x08006579   Thumb Code    46  printfa.o(i._printf_pre_padding)
    i._sputc                                 0x080065a6   Section        0  printfa.o(i._sputc)
    _sputc                                   0x080065a7   Thumb Code    10  printfa.o(i._sputc)
    i.floor                                  0x080065b0   Section        0  floor.o(i.floor)
    i.free                                   0x0800668c   Section        0  malloc.o(i.free)
    i.malloc                                 0x080066dc   Section        0  malloc.o(i.malloc)
    i.pow                                    0x08006748   Section        0  pow.o(i.pow)
    i.sqrt                                   0x08007100   Section        0  sqrt.o(i.sqrt)
    .constdata                               0x0800714c   Section        7  cjson.o(.constdata)
    firstByteMark                            0x0800714c   Data           7  cjson.o(.constdata)
    .constdata                               0x08007158   Section      136  pow.o(.constdata)
    bp                                       0x08007158   Data          16  pow.o(.constdata)
    dp_h                                     0x08007168   Data          16  pow.o(.constdata)
    dp_l                                     0x08007178   Data          16  pow.o(.constdata)
    L                                        0x08007188   Data          48  pow.o(.constdata)
    P                                        0x080071b8   Data          40  pow.o(.constdata)
    .constdata                               0x080071e0   Section        8  qnan.o(.constdata)
    .data                                    0x20000000   Section       20  system_stm32f10x.o(.data)
    .data                                    0x20000014   Section       20  stm32f10x_rcc.o(.data)
    APBAHBPrescTable                         0x20000014   Data          16  stm32f10x_rcc.o(.data)
    ADCPrescTable                            0x20000024   Data           4  stm32f10x_rcc.o(.data)
    .data                                    0x20000028   Section       12  usart2.o(.data)
    .data                                    0x20000034   Section        2  led.o(.data)
    .data                                    0x20000038   Section       12  cjson.o(.data)
    ep                                       0x20000038   Data           4  cjson.o(.data)
    cJSON_malloc                             0x2000003c   Data           4  cjson.o(.data)
    cJSON_free                               0x20000040   Data           4  cjson.o(.data)
    .data                                    0x20000044   Section        4  esp8266.o(.data)
    .data                                    0x20000048   Section        4  delay.o(.data)
    fac_us                                   0x20000048   Data           1  delay.o(.data)
    fac_ms                                   0x2000004a   Data           2  delay.o(.data)
    .data                                    0x2000004c   Section        6  usart.o(.data)
    .data                                    0x20000054   Section        4  mvars.o(.data)
    .data                                    0x20000058   Section        4  mvars.o(.data)
    .data                                    0x2000005c   Section        4  errno.o(.data)
    _errno                                   0x2000005c   Data           4  errno.o(.data)
    .bss                                     0x20000060   Section     1280  usart2.o(.bss)
    .bss                                     0x20000560   Section     1024  esp8266.o(.bss)
    HEAP                                     0x20000960   Section      512  startup_stm32f10x_hd.o(HEAP)
    STACK                                    0x20000b60   Section     1024  startup_stm32f10x_hd.o(STACK)

    Global Symbols

    Symbol Name                              Value     Ov Type        Size  Object(Section)

    BuildAttributes$$THM_ISAv4$P$D$K$B$S$PE$A:L22UL41UL21$X:L11$S22US41US21$IEEE1$IW$USESV6$~STKCKD$USESV7$~SHL$OTIME$ROPI$IEEEX$EBA8$MICROLIB$REQ8$PRES8$EABIv2 0x00000000   Number         0  anon$$obj.o ABSOLUTE
    __ARM_use_no_argv                        0x00000000   Number         0  main.o ABSOLUTE
    __use_no_errno                           0x00000000   Number         0  useno.o ABSOLUTE
    __use_no_exception_handling              0x00000000   Number         0  useno.o ABSOLUTE
    __use_no_fp                              0x00000000   Number         0  useno.o ABSOLUTE
    __use_no_heap                            0x00000000   Number         0  useno.o ABSOLUTE
    __use_no_heap_region                     0x00000000   Number         0  useno.o ABSOLUTE
    __use_no_semihosting                     0x00000000   Number         0  useno.o ABSOLUTE
    __use_no_semihosting_swi                 0x00000000   Number         0  useno.o ABSOLUTE
    __use_no_signal_handling                 0x00000000   Number         0  useno.o ABSOLUTE
    _printf_a                                0x00000000   Number         0  stubs.o ABSOLUTE
    _printf_c                                0x00000000   Number         0  stubs.o ABSOLUTE
    _printf_charcount                        0x00000000   Number         0  stubs.o ABSOLUTE
    _printf_d                                0x00000000   Number         0  stubs.o ABSOLUTE
    _printf_e                                0x00000000   Number         0  stubs.o ABSOLUTE
    _printf_f                                0x00000000   Number         0  stubs.o ABSOLUTE
    _printf_flags                            0x00000000   Number         0  stubs.o ABSOLUTE
    _printf_fp_dec                           0x00000000   Number         0  stubs.o ABSOLUTE
    _printf_fp_hex                           0x00000000   Number         0  stubs.o ABSOLUTE
    _printf_g                                0x00000000   Number         0  stubs.o ABSOLUTE
    _printf_i                                0x00000000   Number         0  stubs.o ABSOLUTE
    _printf_int_dec                          0x00000000   Number         0  stubs.o ABSOLUTE
    _printf_l                                0x00000000   Number         0  stubs.o ABSOLUTE
    _printf_lc                               0x00000000   Number         0  stubs.o ABSOLUTE
    _printf_ll                               0x00000000   Number         0  stubs.o ABSOLUTE
    _printf_lld                              0x00000000   Number         0  stubs.o ABSOLUTE
    _printf_lli                              0x00000000   Number         0  stubs.o ABSOLUTE
    _printf_llo                              0x00000000   Number         0  stubs.o ABSOLUTE
    _printf_llu                              0x00000000   Number         0  stubs.o ABSOLUTE
    _printf_llx                              0x00000000   Number         0  stubs.o ABSOLUTE
    _printf_longlong_dec                     0x00000000   Number         0  stubs.o ABSOLUTE
    _printf_longlong_hex                     0x00000000   Number         0  stubs.o ABSOLUTE
    _printf_longlong_oct                     0x00000000   Number         0  stubs.o ABSOLUTE
    _printf_ls                               0x00000000   Number         0  stubs.o ABSOLUTE
    _printf_mbtowc                           0x00000000   Number         0  stubs.o ABSOLUTE
    _printf_n                                0x00000000   Number         0  stubs.o ABSOLUTE
    _printf_o                                0x00000000   Number         0  stubs.o ABSOLUTE
    _printf_p                                0x00000000   Number         0  stubs.o ABSOLUTE
    _printf_percent                          0x00000000   Number         0  stubs.o ABSOLUTE
    _printf_pre_padding                      0x00000000   Number         0  stubs.o ABSOLUTE
    _printf_return_value                     0x00000000   Number         0  stubs.o ABSOLUTE
    _printf_s                                0x00000000   Number         0  stubs.o ABSOLUTE
    _printf_sizespec                         0x00000000   Number         0  stubs.o ABSOLUTE
    _printf_str                              0x00000000   Number         0  stubs.o ABSOLUTE
    _printf_truncate_signed                  0x00000000   Number         0  stubs.o ABSOLUTE
    _printf_truncate_unsigned                0x00000000   Number         0  stubs.o ABSOLUTE
    _printf_u                                0x00000000   Number         0  stubs.o ABSOLUTE
    _printf_wc                               0x00000000   Number         0  stubs.o ABSOLUTE
    _printf_wctomb                           0x00000000   Number         0  stubs.o ABSOLUTE
    _printf_widthprec                        0x00000000   Number         0  stubs.o ABSOLUTE
    _printf_x                                0x00000000   Number         0  stubs.o ABSOLUTE
    __cpp_initialize__aeabi_                  - Undefined Weak Reference
    __cxa_finalize                            - Undefined Weak Reference
    __decompress                              - Undefined Weak Reference
    _clock_init                               - Undefined Weak Reference
    _microlib_exit                            - Undefined Weak Reference
    __Vectors_Size                           0x00000130   Number         0  startup_stm32f10x_hd.o ABSOLUTE
    __Vectors                                0x08000000   Data           4  startup_stm32f10x_hd.o(RESET)
    __Vectors_End                            0x08000130   Data           0  startup_stm32f10x_hd.o(RESET)
    __main                                   0x08000131   Thumb Code     0  entry.o(.ARM.Collect$$$$00000000)
    _main_stk                                0x08000131   Thumb Code     0  entry2.o(.ARM.Collect$$$$00000001)
    _main_scatterload                        0x08000135   Thumb Code     0  entry5.o(.ARM.Collect$$$$00000004)
    __main_after_scatterload                 0x08000139   Thumb Code     0  entry5.o(.ARM.Collect$$$$00000004)
    _main_clock                              0x08000139   Thumb Code     0  entry7b.o(.ARM.Collect$$$$00000008)
    _main_cpp_init                           0x08000139   Thumb Code     0  entry8b.o(.ARM.Collect$$$$0000000A)
    _main_init                               0x08000139   Thumb Code     0  entry9a.o(.ARM.Collect$$$$0000000B)
    __rt_final_cpp                           0x08000141   Thumb Code     0  entry10a.o(.ARM.Collect$$$$0000000D)
    __rt_final_exit                          0x08000141   Thumb Code     0  entry11a.o(.ARM.Collect$$$$0000000F)
    SystemInit                               0x08000223   Thumb Code    78  system_stm32f10x.o(.text)
    SystemCoreClockUpdate                    0x08000271   Thumb Code   142  system_stm32f10x.o(.text)
    Reset_Handler                            0x08000325   Thumb Code     8  startup_stm32f10x_hd.o(.text)
    ADC1_2_IRQHandler                        0x0800033f   Thumb Code     0  startup_stm32f10x_hd.o(.text)
    ADC3_IRQHandler                          0x0800033f   Thumb Code     0  startup_stm32f10x_hd.o(.text)
    CAN1_RX1_IRQHandler                      0x0800033f   Thumb Code     0  startup_stm32f10x_hd.o(.text)
    CAN1_SCE_IRQHandler                      0x0800033f   Thumb Code     0  startup_stm32f10x_hd.o(.text)
    DMA1_Channel1_IRQHandler                 0x0800033f   Thumb Code     0  startup_stm32f10x_hd.o(.text)
    DMA1_Channel2_IRQHandler                 0x0800033f   Thumb Code     0  startup_stm32f10x_hd.o(.text)
    DMA1_Channel3_IRQHandler                 0x0800033f   Thumb Code     0  startup_stm32f10x_hd.o(.text)
    DMA1_Channel4_IRQHandler                 0x0800033f   Thumb Code     0  startup_stm32f10x_hd.o(.text)
    DMA1_Channel5_IRQHandler                 0x0800033f   Thumb Code     0  startup_stm32f10x_hd.o(.text)
    DMA1_Channel6_IRQHandler                 0x0800033f   Thumb Code     0  startup_stm32f10x_hd.o(.text)
    DMA1_Channel7_IRQHandler                 0x0800033f   Thumb Code     0  startup_stm32f10x_hd.o(.text)
    DMA2_Channel1_IRQHandler                 0x0800033f   Thumb Code     0  startup_stm32f10x_hd.o(.text)
    DMA2_Channel2_IRQHandler                 0x0800033f   Thumb Code     0  startup_stm32f10x_hd.o(.text)
    DMA2_Channel3_IRQHandler                 0x0800033f   Thumb Code     0  startup_stm32f10x_hd.o(.text)
    DMA2_Channel4_5_IRQHandler               0x0800033f   Thumb Code     0  startup_stm32f10x_hd.o(.text)
    EXTI1_IRQHandler                         0x0800033f   Thumb Code     0  startup_stm32f10x_hd.o(.text)
    EXTI3_IRQHandler                         0x0800033f   Thumb Code     0  startup_stm32f10x_hd.o(.text)
    EXTI4_IRQHandler                         0x0800033f   Thumb Code     0  startup_stm32f10x_hd.o(.text)
    EXTI9_5_IRQHandler                       0x0800033f   Thumb Code     0  startup_stm32f10x_hd.o(.text)
    FLASH_IRQHandler                         0x0800033f   Thumb Code     0  startup_stm32f10x_hd.o(.text)
    FSMC_IRQHandler                          0x0800033f   Thumb Code     0  startup_stm32f10x_hd.o(.text)
    I2C1_ER_IRQHandler                       0x0800033f   Thumb Code     0  startup_stm32f10x_hd.o(.text)
    I2C1_EV_IRQHandler                       0x0800033f   Thumb Code     0  startup_stm32f10x_hd.o(.text)
    I2C2_ER_IRQHandler                       0x0800033f   Thumb Code     0  startup_stm32f10x_hd.o(.text)
    I2C2_EV_IRQHandler                       0x0800033f   Thumb Code     0  startup_stm32f10x_hd.o(.text)
    PVD_IRQHandler                           0x0800033f   Thumb Code     0  startup_stm32f10x_hd.o(.text)
    RCC_IRQHandler                           0x0800033f   Thumb Code     0  startup_stm32f10x_hd.o(.text)
    RTCAlarm_IRQHandler                      0x0800033f   Thumb Code     0  startup_stm32f10x_hd.o(.text)
    SDIO_IRQHandler                          0x0800033f   Thumb Code     0  startup_stm32f10x_hd.o(.text)
    SPI1_IRQHandler                          0x0800033f   Thumb Code     0  startup_stm32f10x_hd.o(.text)
    SPI2_IRQHandler                          0x0800033f   Thumb Code     0  startup_stm32f10x_hd.o(.text)
    SPI3_IRQHandler                          0x0800033f   Thumb Code     0  startup_stm32f10x_hd.o(.text)
    TAMPER_IRQHandler                        0x0800033f   Thumb Code     0  startup_stm32f10x_hd.o(.text)
    TIM1_BRK_IRQHandler                      0x0800033f   Thumb Code     0  startup_stm32f10x_hd.o(.text)
    TIM1_CC_IRQHandler                       0x0800033f   Thumb Code     0  startup_stm32f10x_hd.o(.text)
    TIM1_TRG_COM_IRQHandler                  0x0800033f   Thumb Code     0  startup_stm32f10x_hd.o(.text)
    TIM1_UP_IRQHandler                       0x0800033f   Thumb Code     0  startup_stm32f10x_hd.o(.text)
    TIM2_IRQHandler                          0x0800033f   Thumb Code     0  startup_stm32f10x_hd.o(.text)
    TIM3_IRQHandler                          0x0800033f   Thumb Code     0  startup_stm32f10x_hd.o(.text)
    TIM4_IRQHandler                          0x0800033f   Thumb Code     0  startup_stm32f10x_hd.o(.text)
    TIM5_IRQHandler                          0x0800033f   Thumb Code     0  startup_stm32f10x_hd.o(.text)
    TIM6_IRQHandler                          0x0800033f   Thumb Code     0  startup_stm32f10x_hd.o(.text)
    TIM7_IRQHandler                          0x0800033f   Thumb Code     0  startup_stm32f10x_hd.o(.text)
    TIM8_BRK_IRQHandler                      0x0800033f   Thumb Code     0  startup_stm32f10x_hd.o(.text)
    TIM8_CC_IRQHandler                       0x0800033f   Thumb Code     0  startup_stm32f10x_hd.o(.text)
    TIM8_TRG_COM_IRQHandler                  0x0800033f   Thumb Code     0  startup_stm32f10x_hd.o(.text)
    TIM8_UP_IRQHandler                       0x0800033f   Thumb Code     0  startup_stm32f10x_hd.o(.text)
    UART4_IRQHandler                         0x0800033f   Thumb Code     0  startup_stm32f10x_hd.o(.text)
    UART5_IRQHandler                         0x0800033f   Thumb Code     0  startup_stm32f10x_hd.o(.text)
    USART3_IRQHandler                        0x0800033f   Thumb Code     0  startup_stm32f10x_hd.o(.text)
    USBWakeUp_IRQHandler                     0x0800033f   Thumb Code     0  startup_stm32f10x_hd.o(.text)
    USB_HP_CAN1_TX_IRQHandler                0x0800033f   Thumb Code     0  startup_stm32f10x_hd.o(.text)
    USB_LP_CAN1_RX0_IRQHandler               0x0800033f   Thumb Code     0  startup_stm32f10x_hd.o(.text)
    WWDG_IRQHandler                          0x0800033f   Thumb Code     0  startup_stm32f10x_hd.o(.text)
    main                                     0x08000349   Thumb Code    80  main.o(.text)
    NMI_Handler                              0x080003c5   Thumb Code     2  stm32f10x_it.o(.text)
    HardFault_Handler                        0x080003c7   Thumb Code     4  stm32f10x_it.o(.text)
    MemManage_Handler                        0x080003cb   Thumb Code     4  stm32f10x_it.o(.text)
    BusFault_Handler                         0x080003cf   Thumb Code     4  stm32f10x_it.o(.text)
    UsageFault_Handler                       0x080003d3   Thumb Code     4  stm32f10x_it.o(.text)
    SVC_Handler                              0x080003d7   Thumb Code     2  stm32f10x_it.o(.text)
    DebugMon_Handler                         0x080003d9   Thumb Code     2  stm32f10x_it.o(.text)
    PendSV_Handler                           0x080003db   Thumb Code     2  stm32f10x_it.o(.text)
    SysTick_Handler                          0x080003dd   Thumb Code     2  stm32f10x_it.o(.text)
    EXTI0_IRQHandler                         0x080003df   Thumb Code     2  stm32f10x_it.o(.text)
    USART1_IRQHandler                        0x080003e1   Thumb Code     2  stm32f10x_it.o(.text)
    USART2_IRQHandler                        0x080003e3   Thumb Code   122  stm32f10x_it.o(.text)
    RTC_IRQHandler                           0x0800045d   Thumb Code     2  stm32f10x_it.o(.text)
    NVIC_PriorityGroupConfig                 0x08000479   Thumb Code    10  misc.o(.text)
    NVIC_Init                                0x08000483   Thumb Code   100  misc.o(.text)
    NVIC_SetVectorTable                      0x080004e7   Thumb Code    14  misc.o(.text)
    NVIC_SystemLPConfig                      0x080004f5   Thumb Code    34  misc.o(.text)
    SysTick_CLKSourceConfig                  0x08000517   Thumb Code    40  misc.o(.text)
    EXTI_DeInit                              0x08000555   Thumb Code    28  stm32f10x_exti.o(.text)
    EXTI_Init                                0x08000571   Thumb Code   142  stm32f10x_exti.o(.text)
    EXTI_StructInit                          0x080005ff   Thumb Code    16  stm32f10x_exti.o(.text)
    EXTI_GenerateSWInterrupt                 0x0800060f   Thumb Code    16  stm32f10x_exti.o(.text)
    EXTI_GetFlagStatus                       0x0800061f   Thumb Code    22  stm32f10x_exti.o(.text)
    EXTI_ClearFlag                           0x08000635   Thumb Code     8  stm32f10x_exti.o(.text)
    EXTI_GetITStatus                         0x0800063d   Thumb Code    34  stm32f10x_exti.o(.text)
    EXTI_ClearITPendingBit                   0x0800065f   Thumb Code     8  stm32f10x_exti.o(.text)
    GPIO_DeInit                              0x08000671   Thumb Code   172  stm32f10x_gpio.o(.text)
    GPIO_AFIODeInit                          0x0800071d   Thumb Code    20  stm32f10x_gpio.o(.text)
    GPIO_Init                                0x08000731   Thumb Code   278  stm32f10x_gpio.o(.text)
    GPIO_StructInit                          0x08000847   Thumb Code    16  stm32f10x_gpio.o(.text)
    GPIO_ReadInputDataBit                    0x08000857   Thumb Code    18  stm32f10x_gpio.o(.text)
    GPIO_ReadInputData                       0x08000869   Thumb Code     8  stm32f10x_gpio.o(.text)
    GPIO_ReadOutputDataBit                   0x08000871   Thumb Code    18  stm32f10x_gpio.o(.text)
    GPIO_ReadOutputData                      0x08000883   Thumb Code     8  stm32f10x_gpio.o(.text)
    GPIO_SetBits                             0x0800088b   Thumb Code     4  stm32f10x_gpio.o(.text)
    GPIO_ResetBits                           0x0800088f   Thumb Code     4  stm32f10x_gpio.o(.text)
    GPIO_WriteBit                            0x08000893   Thumb Code    10  stm32f10x_gpio.o(.text)
    GPIO_Write                               0x0800089d   Thumb Code     4  stm32f10x_gpio.o(.text)
    GPIO_PinLockConfig                       0x080008a1   Thumb Code    18  stm32f10x_gpio.o(.text)
    GPIO_EventOutputConfig                   0x080008b3   Thumb Code    26  stm32f10x_gpio.o(.text)
    GPIO_EventOutputCmd                      0x080008cd   Thumb Code     6  stm32f10x_gpio.o(.text)
    GPIO_PinRemapConfig                      0x080008d3   Thumb Code   138  stm32f10x_gpio.o(.text)
    GPIO_EXTILineConfig                      0x0800095d   Thumb Code    66  stm32f10x_gpio.o(.text)
    GPIO_ETH_MediaInterfaceConfig            0x0800099f   Thumb Code     8  stm32f10x_gpio.o(.text)
    RCC_DeInit                               0x080009cd   Thumb Code    64  stm32f10x_rcc.o(.text)
    RCC_HSEConfig                            0x08000a0d   Thumb Code    70  stm32f10x_rcc.o(.text)
    RCC_GetFlagStatus                        0x08000a53   Thumb Code    56  stm32f10x_rcc.o(.text)
    RCC_WaitForHSEStartUp                    0x08000a8b   Thumb Code    56  stm32f10x_rcc.o(.text)
    RCC_AdjustHSICalibrationValue            0x08000ac3   Thumb Code    20  stm32f10x_rcc.o(.text)
    RCC_HSICmd                               0x08000ad7   Thumb Code     6  stm32f10x_rcc.o(.text)
    RCC_PLLConfig                            0x08000add   Thumb Code    24  stm32f10x_rcc.o(.text)
    RCC_PLLCmd                               0x08000af5   Thumb Code     6  stm32f10x_rcc.o(.text)
    RCC_SYSCLKConfig                         0x08000afb   Thumb Code    18  stm32f10x_rcc.o(.text)
    RCC_GetSYSCLKSource                      0x08000b0d   Thumb Code    10  stm32f10x_rcc.o(.text)
    RCC_HCLKConfig                           0x08000b17   Thumb Code    18  stm32f10x_rcc.o(.text)
    RCC_PCLK1Config                          0x08000b29   Thumb Code    18  stm32f10x_rcc.o(.text)
    RCC_PCLK2Config                          0x08000b3b   Thumb Code    20  stm32f10x_rcc.o(.text)
    RCC_ITConfig                             0x08000b4f   Thumb Code    26  stm32f10x_rcc.o(.text)
    RCC_USBCLKConfig                         0x08000b69   Thumb Code     8  stm32f10x_rcc.o(.text)
    RCC_ADCCLKConfig                         0x08000b71   Thumb Code    18  stm32f10x_rcc.o(.text)
    RCC_LSEConfig                            0x08000b83   Thumb Code    50  stm32f10x_rcc.o(.text)
    RCC_LSICmd                               0x08000bb5   Thumb Code     6  stm32f10x_rcc.o(.text)
    RCC_RTCCLKConfig                         0x08000bbb   Thumb Code    12  stm32f10x_rcc.o(.text)
    RCC_RTCCLKCmd                            0x08000bc7   Thumb Code     8  stm32f10x_rcc.o(.text)
    RCC_GetClocksFreq                        0x08000bcf   Thumb Code   192  stm32f10x_rcc.o(.text)
    RCC_AHBPeriphClockCmd                    0x08000c8f   Thumb Code    26  stm32f10x_rcc.o(.text)
    RCC_APB2PeriphClockCmd                   0x08000ca9   Thumb Code    26  stm32f10x_rcc.o(.text)
    RCC_APB1PeriphClockCmd                   0x08000cc3   Thumb Code    26  stm32f10x_rcc.o(.text)
    RCC_APB2PeriphResetCmd                   0x08000cdd   Thumb Code    26  stm32f10x_rcc.o(.text)
    RCC_APB1PeriphResetCmd                   0x08000cf7   Thumb Code    26  stm32f10x_rcc.o(.text)
    RCC_BackupResetCmd                       0x08000d11   Thumb Code     8  stm32f10x_rcc.o(.text)
    RCC_ClockSecuritySystemCmd               0x08000d19   Thumb Code     6  stm32f10x_rcc.o(.text)
    RCC_MCOConfig                            0x08000d1f   Thumb Code     6  stm32f10x_rcc.o(.text)
    RCC_ClearFlag                            0x08000d25   Thumb Code    14  stm32f10x_rcc.o(.text)
    RCC_GetITStatus                          0x08000d33   Thumb Code    20  stm32f10x_rcc.o(.text)
    RCC_ClearITPendingBit                    0x08000d47   Thumb Code     6  stm32f10x_rcc.o(.text)
    USART_DeInit                             0x08000d71   Thumb Code   134  stm32f10x_usart.o(.text)
    USART_Init                               0x08000df7   Thumb Code   210  stm32f10x_usart.o(.text)
    USART_StructInit                         0x08000ec9   Thumb Code    24  stm32f10x_usart.o(.text)
    USART_ClockInit                          0x08000ee1   Thumb Code    34  stm32f10x_usart.o(.text)
    USART_ClockStructInit                    0x08000f03   Thumb Code    12  stm32f10x_usart.o(.text)
    USART_Cmd                                0x08000f0f   Thumb Code    24  stm32f10x_usart.o(.text)
    USART_ITConfig                           0x08000f27   Thumb Code    74  stm32f10x_usart.o(.text)
    USART_DMACmd                             0x08000f71   Thumb Code    18  stm32f10x_usart.o(.text)
    USART_SetAddress                         0x08000f83   Thumb Code    18  stm32f10x_usart.o(.text)
    USART_WakeUpConfig                       0x08000f95   Thumb Code    18  stm32f10x_usart.o(.text)
    USART_ReceiverWakeUpCmd                  0x08000fa7   Thumb Code    24  stm32f10x_usart.o(.text)
    USART_LINBreakDetectLengthConfig         0x08000fbf   Thumb Code    18  stm32f10x_usart.o(.text)
    USART_LINCmd                             0x08000fd1   Thumb Code    24  stm32f10x_usart.o(.text)
    USART_SendData                           0x08000fe9   Thumb Code     8  stm32f10x_usart.o(.text)
    USART_ReceiveData                        0x08000ff1   Thumb Code    10  stm32f10x_usart.o(.text)
    USART_SendBreak                          0x08000ffb   Thumb Code    10  stm32f10x_usart.o(.text)
    USART_SetGuardTime                       0x08001005   Thumb Code    16  stm32f10x_usart.o(.text)
    USART_SetPrescaler                       0x08001015   Thumb Code    16  stm32f10x_usart.o(.text)
    USART_SmartCardCmd                       0x08001025   Thumb Code    24  stm32f10x_usart.o(.text)
    USART_SmartCardNACKCmd                   0x0800103d   Thumb Code    24  stm32f10x_usart.o(.text)
    USART_HalfDuplexCmd                      0x08001055   Thumb Code    24  stm32f10x_usart.o(.text)
    USART_OverSampling8Cmd                   0x0800106d   Thumb Code    22  stm32f10x_usart.o(.text)
    USART_OneBitMethodCmd                    0x08001083   Thumb Code    24  stm32f10x_usart.o(.text)
    USART_IrDAConfig                         0x0800109b   Thumb Code    18  stm32f10x_usart.o(.text)
    USART_IrDACmd                            0x080010ad   Thumb Code    24  stm32f10x_usart.o(.text)
    USART_GetFlagStatus                      0x080010c5   Thumb Code    26  stm32f10x_usart.o(.text)
    USART_ClearFlag                          0x080010df   Thumb Code    18  stm32f10x_usart.o(.text)
    USART_GetITStatus                        0x080010f1   Thumb Code    84  stm32f10x_usart.o(.text)
    USART_ClearITPendingBit                  0x08001145   Thumb Code    52  stm32f10x_usart.o(.text)
    USART2_Init                              0x08001179   Thumb Code   158  usart2.o(.text)
    usart2_write                             0x08001217   Thumb Code    56  usart2.o(.text)
    LED_Init                                 0x08001259   Thumb Code    72  led.o(.text)
    LED_CmdCtl                               0x080012a1   Thumb Code   100  led.o(.text)
    LED_Switch                               0x08001305   Thumb Code    84  led.o(.text)
    LED_GetValue                             0x08001359   Thumb Code    52  led.o(.text)
    mDelay                                   0x080013d9   Thumb Code    26  key.o(.text)
    KEY_Init                                 0x080013f3   Thumb Code   350  key.o(.text)
    EXTI15_10_IRQHandler                     0x08001551   Thumb Code    86  key.o(.text)
    EXTI2_IRQHandler                         0x080015a7   Thumb Code    64  key.o(.text)
    cJSON_GetErrorPtr                        0x080015f9   Thumb Code     6  cjson.o(.text)
    cJSON_InitHooks                          0x08001675   Thumb Code    48  cjson.o(.text)
    cJSON_Delete                             0x080016bf   Thumb Code    82  cjson.o(.text)
    cJSON_ParseWithOpts                      0x08002269   Thumb Code    96  cjson.o(.text)
    cJSON_Parse                              0x080022c9   Thumb Code    16  cjson.o(.text)
    cJSON_Print                              0x08002a59   Thumb Code    18  cjson.o(.text)
    cJSON_PrintUnformatted                   0x08002a6b   Thumb Code    18  cjson.o(.text)
    cJSON_PrintBuffered                      0x08002a7d   Thumb Code    54  cjson.o(.text)
    cJSON_GetArraySize                       0x08002ab3   Thumb Code    18  cjson.o(.text)
    cJSON_GetArrayItem                       0x08002ac5   Thumb Code    18  cjson.o(.text)
    cJSON_GetObjectItem                      0x08002ad7   Thumb Code    30  cjson.o(.text)
    cJSON_AddItemToArray                     0x08002b2b   Thumb Code    42  cjson.o(.text)
    cJSON_AddItemToObject                    0x08002b55   Thumb Code    44  cjson.o(.text)
    cJSON_AddItemToObjectCS                  0x08002b81   Thumb Code    54  cjson.o(.text)
    cJSON_AddItemReferenceToArray            0x08002bb7   Thumb Code    24  cjson.o(.text)
    cJSON_AddItemReferenceToObject           0x08002bcf   Thumb Code    32  cjson.o(.text)
    cJSON_DetachItemFromArray                0x08002bef   Thumb Code    66  cjson.o(.text)
    cJSON_DeleteItemFromArray                0x08002c31   Thumb Code    22  cjson.o(.text)
    cJSON_DetachItemFromObject               0x08002c47   Thumb Code    50  cjson.o(.text)
    cJSON_DeleteItemFromObject               0x08002c79   Thumb Code    22  cjson.o(.text)
    cJSON_InsertItemInArray                  0x08002c8f   Thumb Code    64  cjson.o(.text)
    cJSON_ReplaceItemInArray                 0x08002ccf   Thumb Code    76  cjson.o(.text)
    cJSON_ReplaceItemInObject                0x08002d1b   Thumb Code    62  cjson.o(.text)
    cJSON_CreateNull                         0x08002d59   Thumb Code    18  cjson.o(.text)
    cJSON_CreateTrue                         0x08002d6b   Thumb Code    18  cjson.o(.text)
    cJSON_CreateFalse                        0x08002d7d   Thumb Code    18  cjson.o(.text)
    cJSON_CreateBool                         0x08002d8f   Thumb Code    26  cjson.o(.text)
    cJSON_CreateNumber                       0x08002da9   Thumb Code    36  cjson.o(.text)
    cJSON_CreateString                       0x08002dcd   Thumb Code    28  cjson.o(.text)
    cJSON_CreateArray                        0x08002de9   Thumb Code    18  cjson.o(.text)
    cJSON_CreateObject                       0x08002dfb   Thumb Code    18  cjson.o(.text)
    cJSON_CreateIntArray                     0x08002e0d   Thumb Code    68  cjson.o(.text)
    cJSON_CreateFloatArray                   0x08002e51   Thumb Code    68  cjson.o(.text)
    cJSON_CreateDoubleArray                  0x08002e95   Thumb Code    68  cjson.o(.text)
    cJSON_CreateStringArray                  0x08002ed9   Thumb Code    62  cjson.o(.text)
    cJSON_Duplicate                          0x08002f17   Thumb Code   180  cjson.o(.text)
    cJSON_Minify                             0x08002fcb   Thumb Code   186  cjson.o(.text)
    assert                                   0x08003085   Thumb Code     2  edpkit.o(.text)
    NewBuffer                                0x0800308d   Thumb Code    36  edpkit.o(.text)
    DeleteBuffer                             0x080030b1   Thumb Code    26  edpkit.o(.text)
    CheckCapacity                            0x080030cb   Thumb Code    90  edpkit.o(.text)
    ReadByte                                 0x08003125   Thumb Code    36  edpkit.o(.text)
    ReadBytes                                0x08003149   Thumb Code    56  edpkit.o(.text)
    ReadUint16                               0x08003181   Thumb Code    54  edpkit.o(.text)
    ReadUint32                               0x080031b7   Thumb Code    54  edpkit.o(.text)
    ReadStr                                  0x080031ed   Thumb Code   102  edpkit.o(.text)
    ReadRemainlen                            0x08003253   Thumb Code    84  edpkit.o(.text)
    WriteByte                                0x080032a7   Thumb Code    54  edpkit.o(.text)
    WriteBytes                               0x080032dd   Thumb Code    64  edpkit.o(.text)
    WriteUint16                              0x0800331d   Thumb Code    50  edpkit.o(.text)
    WriteUint32                              0x0800334f   Thumb Code    74  edpkit.o(.text)
    WriteStr                                 0x08003399   Thumb Code    62  edpkit.o(.text)
    WriteRemainlen                           0x080033d7   Thumb Code    80  edpkit.o(.text)
    PacketConnect1                           0x08003427   Thumb Code   106  edpkit.o(.text)
    PacketConnect2                           0x08003491   Thumb Code   124  edpkit.o(.text)
    PacketPushdata                           0x0800350d   Thumb Code    70  edpkit.o(.text)
    PacketSavedataJson                       0x08003553   Thumb Code   142  edpkit.o(.text)
    PacketSavedataInt                        0x08003abd   Thumb Code    98  edpkit.o(.text)
    PacketSavedataDouble                     0x08003b1f   Thumb Code   112  edpkit.o(.text)
    PacketSavedataString                     0x08003b8f   Thumb Code    98  edpkit.o(.text)
    UnpackSavedataJson                       0x08003bf1   Thumb Code    68  edpkit.o(.text)
    UnpackSavedataInt                        0x08004187   Thumb Code    88  edpkit.o(.text)
    UnpackSavedataDouble                     0x080041df   Thumb Code    88  edpkit.o(.text)
    UnpackSavedataString                     0x08004237   Thumb Code    88  edpkit.o(.text)
    UnpackSavedataAck                        0x0800428f   Thumb Code    86  edpkit.o(.text)
    PacketSavedataBin                        0x080042e5   Thumb Code   200  edpkit.o(.text)
    PacketSavedataBinStr                     0x080043ad   Thumb Code   182  edpkit.o(.text)
    PacketCmdResp                            0x08004463   Thumb Code    98  edpkit.o(.text)
    PacketPing                               0x080044c5   Thumb Code    30  edpkit.o(.text)
    IsPkgComplete                            0x080044e3   Thumb Code    98  edpkit.o(.text)
    GetEdpPacket                             0x08004545   Thumb Code    80  edpkit.o(.text)
    EdpPacketType                            0x08004595   Thumb Code    22  edpkit.o(.text)
    UnpackConnectResp                        0x080045ab   Thumb Code    76  edpkit.o(.text)
    UnpackPushdata                           0x080045f7   Thumb Code   102  edpkit.o(.text)
    UnpackSavedata                           0x0800465d   Thumb Code    88  edpkit.o(.text)
    UnpackSavedataBin                        0x080046b5   Thumb Code   108  edpkit.o(.text)
    UnpackSavedataBinStr                     0x08004721   Thumb Code    88  edpkit.o(.text)
    UnpackCmdReq                             0x08004779   Thumb Code   128  edpkit.o(.text)
    UnpackPingResp                           0x080047f9   Thumb Code    44  edpkit.o(.text)
    PacketSavedataSimpleString               0x08004825   Thumb Code   120  edpkit.o(.text)
    UnpackSavedataSimpleString               0x0800489d   Thumb Code    26  edpkit.o(.text)
    ESP8266_Init                             0x080048bd   Thumb Code   224  esp8266.o(.text)
    GetSendBuf                               0x0800499d   Thumb Code   222  esp8266.o(.text)
    SendCmd                                  0x08004a7b   Thumb Code    78  esp8266.o(.text)
    ESP8266_DevLink                          0x08004ac9   Thumb Code   166  esp8266.o(.text)
    ESP8266_CheckStatus                      0x08004b6f   Thumb Code   956  esp8266.o(.text)
    ESP8266_SendDat                          0x08004f2b   Thumb Code   152  esp8266.o(.text)
    delay_init                               0x08005091   Thumb Code    50  delay.o(.text)
    delay_us                                 0x080050c3   Thumb Code    72  delay.o(.text)
    delay_ms                                 0x0800510b   Thumb Code    72  delay.o(.text)
    _sys_exit                                0x08005165   Thumb Code     6  usart.o(.text)
    fputc                                    0x0800516b   Thumb Code    24  usart.o(.text)
    USART1_Init                              0x08005183   Thumb Code   154  usart.o(.text)
    DHT11_IO_IN                              0x08005225   Thumb Code    24  dht11.o(.text)
    DHT11_IO_OUT                             0x0800523d   Thumb Code    30  dht11.o(.text)
    DHT11_Rst                                0x0800525b   Thumb Code    36  dht11.o(.text)
    DHT11_Check                              0x0800527f   Thumb Code    84  dht11.o(.text)
    DHT11_Read_Bit                           0x080052d3   Thumb Code    84  dht11.o(.text)
    DHT11_Read_Byte                          0x08005327   Thumb Code    30  dht11.o(.text)
    DHT11_Read_Data                          0x08005345   Thumb Code    88  dht11.o(.text)
    DHT11_Init                               0x0800539d   Thumb Code    12  dht11.o(.text)
    tolower                                  0x080053ad   Thumb Code    12  tolower.o(.text)
    ___aeabi_memcpy8$move                    0x080053b9   Thumb Code     0  memmovea.o(.text)
    __aeabi_memcpy                           0x080053b9   Thumb Code    64  memmovea.o(.text)
    __aeabi_memcpy4                          0x080053b9   Thumb Code     0  memmovea.o(.text)
    __aeabi_memmove                          0x080053b9   Thumb Code     0  memmovea.o(.text)
    __aeabi_memmove4                         0x080053b9   Thumb Code     0  memmovea.o(.text)
    __aeabi_memmove8                         0x080053b9   Thumb Code     0  memmovea.o(.text)
    __aeabi_memset                           0x080053f9   Thumb Code    14  memseta.o(.text)
    __aeabi_memset4                          0x080053f9   Thumb Code     0  memseta.o(.text)
    __aeabi_memset8                          0x080053f9   Thumb Code     0  memseta.o(.text)
    __aeabi_memclr                           0x08005407   Thumb Code     4  memseta.o(.text)
    __aeabi_memclr4                          0x08005407   Thumb Code     0  memseta.o(.text)
    __aeabi_memclr8                          0x08005407   Thumb Code     0  memseta.o(.text)
    _memset$wrapper                          0x0800540b   Thumb Code    18  memseta.o(.text)
    strcat                                   0x0800541d   Thumb Code    24  strcat.o(.text)
    strstr                                   0x08005435   Thumb Code    36  strstr.o(.text)
    strncpy                                  0x08005459   Thumb Code    24  strncpy.o(.text)
    strchr                                   0x08005471   Thumb Code    20  strchr.o(.text)
    strlen                                   0x08005485   Thumb Code    14  strlen.o(.text)
    strcpy                                   0x08005493   Thumb Code    18  strcpy.o(.text)
    strncmp                                  0x080054a5   Thumb Code    30  strncmp.o(.text)
    __aeabi_dadd                             0x080054c3   Thumb Code   322  dadd.o(.text)
    __aeabi_dsub                             0x08005605   Thumb Code     6  dadd.o(.text)
    __aeabi_drsub                            0x0800560b   Thumb Code     6  dadd.o(.text)
    __aeabi_dmul                             0x08005611   Thumb Code   228  dmul.o(.text)
    __aeabi_i2d                              0x080056f5   Thumb Code    34  dflti.o(.text)
    __aeabi_d2iz                             0x08005717   Thumb Code    62  dfixi.o(.text)
    __aeabi_f2d                              0x08005755   Thumb Code    38  f2d.o(.text)
    __aeabi_cdcmpeq                          0x0800577d   Thumb Code     0  cdcmple.o(.text)
    __aeabi_cdcmple                          0x0800577d   Thumb Code    48  cdcmple.o(.text)
    __aeabi_cdrcmple                         0x080057ad   Thumb Code    48  cdrcmple.o(.text)
    __aeabi_uidiv                            0x080057dd   Thumb Code     0  uidiv.o(.text)
    __aeabi_uidivmod                         0x080057dd   Thumb Code    44  uidiv.o(.text)
    __aeabi_uldivmod                         0x08005809   Thumb Code    98  uldiv.o(.text)
    __aeabi_llsl                             0x0800586b   Thumb Code    30  llshl.o(.text)
    _ll_shift_l                              0x0800586b   Thumb Code     0  llshl.o(.text)
    __aeabi_llsr                             0x08005889   Thumb Code    32  llushr.o(.text)
    _ll_ushift_r                             0x08005889   Thumb Code     0  llushr.o(.text)
    __aeabi_lasr                             0x080058a9   Thumb Code    36  llsshr.o(.text)
    _ll_sshift_r                             0x080058a9   Thumb Code     0  llsshr.o(.text)
    __I$use$fp                               0x080058cd   Thumb Code     0  iusefp.o(.text)
    _double_round                            0x080058cd   Thumb Code    30  depilogue.o(.text)
    _double_epilogue                         0x080058eb   Thumb Code   156  depilogue.o(.text)
    __aeabi_ddiv                             0x08005987   Thumb Code   222  ddiv.o(.text)
    __ARM_scalbn                             0x08005a65   Thumb Code    46  dscalb.o(.text)
    scalbn                                   0x08005a65   Thumb Code     0  dscalb.o(.text)
    __aeabi_d2ulz                            0x08005a93   Thumb Code    48  dfixul.o(.text)
    __scatterload                            0x08005ac5   Thumb Code    28  init.o(.text)
    __scatterload_rt2                        0x08005ac5   Thumb Code     0  init.o(.text)
    _dsqrt                                   0x08005ae9   Thumb Code   162  dsqrt.o(.text)
    __0printf                                0x08005b8d   Thumb Code    22  printfa.o(i.__0printf)
    __1printf                                0x08005b8d   Thumb Code     0  printfa.o(i.__0printf)
    __2printf                                0x08005b8d   Thumb Code     0  printfa.o(i.__0printf)
    __c89printf                              0x08005b8d   Thumb Code     0  printfa.o(i.__0printf)
    printf                                   0x08005b8d   Thumb Code     0  printfa.o(i.__0printf)
    __0sprintf                               0x08005bad   Thumb Code    34  printfa.o(i.__0sprintf)
    __1sprintf                               0x08005bad   Thumb Code     0  printfa.o(i.__0sprintf)
    __2sprintf                               0x08005bad   Thumb Code     0  printfa.o(i.__0sprintf)
    __c89sprintf                             0x08005bad   Thumb Code     0  printfa.o(i.__0sprintf)
    sprintf                                  0x08005bad   Thumb Code     0  printfa.o(i.__0sprintf)
    __ARM_fpclassify                         0x08005bd5   Thumb Code    40  fpclassify.o(i.__ARM_fpclassify)
    __kernel_poly                            0x08005bfd   Thumb Code   170  poly.o(i.__kernel_poly)
    __mathlib_dbl_divzero                    0x08005ca9   Thumb Code    12  dunder.o(i.__mathlib_dbl_divzero)
    __mathlib_dbl_infnan2                    0x08005cb9   Thumb Code     4  dunder.o(i.__mathlib_dbl_infnan2)
    __mathlib_dbl_invalid                    0x08005cbd   Thumb Code    12  dunder.o(i.__mathlib_dbl_invalid)
    __mathlib_dbl_overflow                   0x08005cc9   Thumb Code    14  dunder.o(i.__mathlib_dbl_overflow)
    __mathlib_dbl_underflow                  0x08005cd9   Thumb Code    10  dunder.o(i.__mathlib_dbl_underflow)
    __scatterload_copy                       0x08005ce9   Thumb Code    14  handlers.o(i.__scatterload_copy)
    __scatterload_null                       0x08005cf7   Thumb Code     2  handlers.o(i.__scatterload_null)
    __scatterload_zeroinit                   0x08005cf9   Thumb Code    14  handlers.o(i.__scatterload_zeroinit)
    __set_errno                              0x08005d09   Thumb Code     6  errno.o(i.__set_errno)
    floor                                    0x080065b1   Thumb Code   204  floor.o(i.floor)
    free                                     0x0800668d   Thumb Code    76  malloc.o(i.free)
    malloc                                   0x080066dd   Thumb Code    92  malloc.o(i.malloc)
    pow                                      0x08006749   Thumb Code  2478  pow.o(i.pow)
    sqrt                                     0x08007101   Thumb Code    76  sqrt.o(i.sqrt)
    __mathlib_zero                           0x080071e0   Data           8  qnan.o(.constdata)
    Region$$Table$$Base                      0x080071e8   Number         0  anon$$obj.o(Region$$Table)
    Region$$Table$$Limit                     0x08007208   Number         0  anon$$obj.o(Region$$Table)
    SystemCoreClock                          0x20000000   Data           4  system_stm32f10x.o(.data)
    AHBPrescTable                            0x20000004   Data          16  system_stm32f10x.o(.data)
    rcv_cmd_start                            0x20000028   Data           1  usart2.o(.data)
    rcv_cmd_flag                             0x20000029   Data           1  usart2.o(.data)
    usart2_rcv_len                           0x2000002c   Data           4  usart2.o(.data)
    usart2_cmd_len                           0x20000030   Data           4  usart2.o(.data)
    red_value                                0x20000034   Data           1  led.o(.data)
    green_value                              0x20000035   Data           1  led.o(.data)
    send_pkg                                 0x20000044   Data           4  esp8266.o(.data)
    __stdout                                 0x2000004c   Data           4  usart.o(.data)
    USART_RX_STA                             0x20000050   Data           2  usart.o(.data)
    __microlib_freelist                      0x20000054   Data           4  mvars.o(.data)
    __microlib_freelist_initialised          0x20000058   Data           4  mvars.o(.data)
    usart2_rcv_buf                           0x20000060   Data        1024  usart2.o(.bss)
    usart2_cmd_buf                           0x20000460   Data         256  usart2.o(.bss)
    send_buf                                 0x20000560   Data        1024  esp8266.o(.bss)
    __heap_base                              0x20000960   Data           0  startup_stm32f10x_hd.o(HEAP)
    __heap_limit                             0x20000b60   Data           0  startup_stm32f10x_hd.o(HEAP)
    __initial_sp                             0x20000f60   Data           0  startup_stm32f10x_hd.o(STACK)



==============================================================================

Memory Map of the image

  Image Entry point : 0x08000131

  Load Region LR_IROM1 (Base: 0x08000000, Size: 0x00007268, Max: 0x00080000, ABSOLUTE)

    Execution Region ER_IROM1 (Base: 0x08000000, Size: 0x00007208, Max: 0x00080000, ABSOLUTE)

    Base Addr    Size         Type   Attr      Idx    E Section Name        Object

    0x08000000   0x00000130   Data   RO          116    RESET               startup_stm32f10x_hd.o
    0x08000130   0x00000000   Code   RO          527  * .ARM.Collect$$$$00000000  mc_w.l(entry.o)
    0x08000130   0x00000004   Code   RO          886    .ARM.Collect$$$$00000001  mc_w.l(entry2.o)
    0x08000134   0x00000004   Code   RO          889    .ARM.Collect$$$$00000004  mc_w.l(entry5.o)
    0x08000138   0x00000000   Code   RO          891    .ARM.Collect$$$$00000008  mc_w.l(entry7b.o)
    0x08000138   0x00000000   Code   RO          893    .ARM.Collect$$$$0000000A  mc_w.l(entry8b.o)
    0x08000138   0x00000008   Code   RO          894    .ARM.Collect$$$$0000000B  mc_w.l(entry9a.o)
    0x08000140   0x00000000   Code   RO          896    .ARM.Collect$$$$0000000D  mc_w.l(entry10a.o)
    0x08000140   0x00000000   Code   RO          898    .ARM.Collect$$$$0000000F  mc_w.l(entry11a.o)
    0x08000140   0x00000004   Code   RO          887    .ARM.Collect$$$$00002712  mc_w.l(entry2.o)
    0x08000144   0x000001e0   Code   RO           17    .text               system_stm32f10x.o
    0x08000324   0x00000024   Code   RO          117    .text               startup_stm32f10x_hd.o
    0x08000348   0x0000007c   Code   RO          121    .text               main.o
    0x080003c4   0x000000b4   Code   RO          190    .text               stm32f10x_it.o
    0x08000478   0x000000dc   Code   RO          216    .text               misc.o
    0x08000554   0x0000011c   Code   RO          228    .text               stm32f10x_exti.o
    0x08000670   0x0000035c   Code   RO          252    .text               stm32f10x_gpio.o
    0x080009cc   0x000003a4   Code   RO          276    .text               stm32f10x_rcc.o
    0x08000d70   0x00000408   Code   RO          290    .text               stm32f10x_usart.o
    0x08001178   0x000000e0   Code   RO          314    .text               usart2.o
    0x08001258   0x00000180   Code   RO          333    .text               led.o
    0x080013d8   0x00000220   Code   RO          351    .text               key.o
    0x080015f8   0x00001a8c   Code   RO          363    .text               cjson.o
    0x08003084   0x00001838   Code   RO          405    .text               edpkit.o
    0x080048bc   0x000007d4   Code   RO          429    .text               esp8266.o
    0x08005090   0x000000d4   Code   RO          448    .text               delay.o
    0x08005164   0x000000c0   Code   RO          478    .text               usart.o
    0x08005224   0x00000188   Code   RO          501    .text               dht11.o
    0x080053ac   0x0000000c   Code   RO          530    .text               mc_w.l(tolower.o)
    0x080053b8   0x00000040   Code   RO          534    .text               mc_w.l(memmovea.o)
    0x080053f8   0x00000024   Code   RO          536    .text               mc_w.l(memseta.o)
    0x0800541c   0x00000018   Code   RO          538    .text               mc_w.l(strcat.o)
    0x08005434   0x00000024   Code   RO          540    .text               mc_w.l(strstr.o)
    0x08005458   0x00000018   Code   RO          542    .text               mc_w.l(strncpy.o)
    0x08005470   0x00000014   Code   RO          544    .text               mc_w.l(strchr.o)
    0x08005484   0x0000000e   Code   RO          546    .text               mc_w.l(strlen.o)
    0x08005492   0x00000012   Code   RO          548    .text               mc_w.l(strcpy.o)
    0x080054a4   0x0000001e   Code   RO          550    .text               mc_w.l(strncmp.o)
    0x080054c2   0x0000014e   Code   RO          845    .text               mf_w.l(dadd.o)
    0x08005610   0x000000e4   Code   RO          847    .text               mf_w.l(dmul.o)
    0x080056f4   0x00000022   Code   RO          849    .text               mf_w.l(dflti.o)
    0x08005716   0x0000003e   Code   RO          851    .text               mf_w.l(dfixi.o)
    0x08005754   0x00000026   Code   RO          853    .text               mf_w.l(f2d.o)
    0x0800577a   0x00000002   PAD
    0x0800577c   0x00000030   Code   RO          855    .text               mf_w.l(cdcmple.o)
    0x080057ac   0x00000030   Code   RO          857    .text               mf_w.l(cdrcmple.o)
    0x080057dc   0x0000002c   Code   RO          900    .text               mc_w.l(uidiv.o)
    0x08005808   0x00000062   Code   RO          902    .text               mc_w.l(uldiv.o)
    0x0800586a   0x0000001e   Code   RO          904    .text               mc_w.l(llshl.o)
    0x08005888   0x00000020   Code   RO          906    .text               mc_w.l(llushr.o)
    0x080058a8   0x00000024   Code   RO          908    .text               mc_w.l(llsshr.o)
    0x080058cc   0x00000000   Code   RO          919    .text               mc_w.l(iusefp.o)
    0x080058cc   0x000000ba   Code   RO          920    .text               mf_w.l(depilogue.o)
    0x08005986   0x000000de   Code   RO          922    .text               mf_w.l(ddiv.o)
    0x08005a64   0x0000002e   Code   RO          924    .text               mf_w.l(dscalb.o)
    0x08005a92   0x00000030   Code   RO          926    .text               mf_w.l(dfixul.o)
    0x08005ac2   0x00000002   PAD
    0x08005ac4   0x00000024   Code   RO          928    .text               mc_w.l(init.o)
    0x08005ae8   0x000000a2   Code   RO          930    .text               mf_w.l(dsqrt.o)
    0x08005b8a   0x00000002   PAD
    0x08005b8c   0x00000020   Code   RO          789    i.__0printf         mc_w.l(printfa.o)
    0x08005bac   0x00000028   Code   RO          791    i.__0sprintf        mc_w.l(printfa.o)
    0x08005bd4   0x00000028   Code   RO          873    i.__ARM_fpclassify  m_ws.l(fpclassify.o)
    0x08005bfc   0x000000aa   Code   RO          875    i.__kernel_poly     m_ws.l(poly.o)
    0x08005ca6   0x00000002   PAD
    0x08005ca8   0x00000010   Code   RO          859    i.__mathlib_dbl_divzero  m_ws.l(dunder.o)
    0x08005cb8   0x00000004   Code   RO          861    i.__mathlib_dbl_infnan2  m_ws.l(dunder.o)
    0x08005cbc   0x0000000c   Code   RO          862    i.__mathlib_dbl_invalid  m_ws.l(dunder.o)
    0x08005cc8   0x0000000e   Code   RO          863    i.__mathlib_dbl_overflow  m_ws.l(dunder.o)
    0x08005cd6   0x00000002   PAD
    0x08005cd8   0x00000010   Code   RO          865    i.__mathlib_dbl_underflow  m_ws.l(dunder.o)
    0x08005ce8   0x0000000e   Code   RO          934    i.__scatterload_copy  mc_w.l(handlers.o)
    0x08005cf6   0x00000002   Code   RO          935    i.__scatterload_null  mc_w.l(handlers.o)
    0x08005cf8   0x0000000e   Code   RO          936    i.__scatterload_zeroinit  mc_w.l(handlers.o)
    0x08005d06   0x00000002   PAD
    0x08005d08   0x0000000c   Code   RO          914    i.__set_errno       mc_w.l(errno.o)
    0x08005d14   0x00000164   Code   RO          796    i._fp_digits        mc_w.l(printfa.o)
    0x08005e78   0x000006dc   Code   RO          797    i._printf_core      mc_w.l(printfa.o)
    0x08006554   0x00000024   Code   RO          798    i._printf_post_padding  mc_w.l(printfa.o)
    0x08006578   0x0000002e   Code   RO          799    i._printf_pre_padding  mc_w.l(printfa.o)
    0x080065a6   0x0000000a   Code   RO          801    i._sputc            mc_w.l(printfa.o)
    0x080065b0   0x000000dc   Code   RO          514    i.floor             m_ws.l(floor.o)
    0x0800668c   0x00000050   Code   RO          817    i.free              mc_w.l(malloc.o)
    0x080066dc   0x0000006c   Code   RO          818    i.malloc            mc_w.l(malloc.o)
    0x08006748   0x000009b8   Code   RO          518    i.pow               m_ws.l(pow.o)
    0x08007100   0x0000004c   Code   RO          879    i.sqrt              m_ws.l(sqrt.o)
    0x0800714c   0x00000007   Data   RO          364    .constdata          cjson.o
    0x08007153   0x00000005   PAD
    0x08007158   0x00000088   Data   RO          519    .constdata          m_ws.l(pow.o)
    0x080071e0   0x00000008   Data   RO          877    .constdata          m_ws.l(qnan.o)
    0x080071e8   0x00000020   Data   RO          932    Region$$Table       anon$$obj.o


    Execution Region RW_IRAM1 (Base: 0x20000000, Size: 0x00000f60, Max: 0x00010000, ABSOLUTE)

    Base Addr    Size         Type   Attr      Idx    E Section Name        Object

    0x20000000   0x00000014   Data   RW           18    .data               system_stm32f10x.o
    0x20000014   0x00000014   Data   RW          277    .data               stm32f10x_rcc.o
    0x20000028   0x0000000c   Data   RW          316    .data               usart2.o
    0x20000034   0x00000002   Data   RW          334    .data               led.o
    0x20000036   0x00000002   PAD
    0x20000038   0x0000000c   Data   RW          365    .data               cjson.o
    0x20000044   0x00000004   Data   RW          431    .data               esp8266.o
    0x20000048   0x00000004   Data   RW          449    .data               delay.o
    0x2000004c   0x00000006   Data   RW          480    .data               usart.o
    0x20000052   0x00000002   PAD
    0x20000054   0x00000004   Data   RW          910    .data               mc_w.l(mvars.o)
    0x20000058   0x00000004   Data   RW          911    .data               mc_w.l(mvars.o)
    0x2000005c   0x00000004   Data   RW          915    .data               mc_w.l(errno.o)
    0x20000060   0x00000500   Zero   RW          315    .bss                usart2.o
    0x20000560   0x00000400   Zero   RW          430    .bss                esp8266.o
    0x20000960   0x00000200   Zero   RW          115    HEAP                startup_stm32f10x_hd.o
    0x20000b60   0x00000400   Zero   RW          114    STACK               startup_stm32f10x_hd.o


==============================================================================

Image component sizes


      Code (inc. data)   RO Data    RW Data    ZI Data      Debug   Object Name

      6796        210          7         12          0      22868   cjson.o
         0          0          0          0          0       4524   core_cm3.o
       212         18          0          4          0        943   delay.o
       392          4          0          0          0       2179   dht11.o
      6200         76          0          0          0      34529   edpkit.o
      2004       1010          0          4       1024       2506   esp8266.o
       544         18          0          0          0       1256   key.o
       384         76          0          2          0       1250   led.o
       124         44          0          0          0       2427   main.o
       220         22          0          0          0       1825   misc.o
        36          8        304          0       1536        800   startup_stm32f10x_hd.o
       284         10          0          0          0       2259   stm32f10x_exti.o
       860         38          0          0          0       5669   stm32f10x_gpio.o
       180         26          0          0          0       3210   stm32f10x_it.o
       932         36          0         20          0       8820   stm32f10x_rcc.o
      1032         22          0          0          0       8396   stm32f10x_usart.o
       480         38          0         20          0     231883   system_stm32f10x.o
       192          8          0          6          0       2758   usart.o
       224         10          0         12       1280       1640   usart2.o

    ----------------------------------------------------------------------
     21096       1674        348         84       3840     339742   Object Totals
         0          0         32          0          0          0   (incl. Generated)
         0          0          5          4          0          0   (incl. Padding)

    ----------------------------------------------------------------------

      Code (inc. data)   RO Data    RW Data    ZI Data      Debug   Library Member Name

        62         10          0          0          0        340   dunder.o
       220         16          0          0          0         84   floor.o
        40          0          0          0          0         68   fpclassify.o
       170          0          0          0          0         96   poly.o
      2488        190        136          0          0        300   pow.o
         0          0          8          0          0          0   qnan.o
        76          0          0          0          0         84   sqrt.o
         0          0          0          0          0          0   entry.o
         0          0          0          0          0          0   entry10a.o
         0          0          0          0          0          0   entry11a.o
         8          4          0          0          0          0   entry2.o
         4          0          0          0          0          0   entry5.o
         0          0          0          0          0          0   entry7b.o
         0          0          0          0          0          0   entry8b.o
         8          4          0          0          0          0   entry9a.o
        12          6          0          4          0         68   errno.o
        30          0          0          0          0          0   handlers.o
        36          8          0          0          0         68   init.o
         0          0          0          0          0          0   iusefp.o
        30          0          0          0          0         68   llshl.o
        36          0          0          0          0         68   llsshr.o
        32          0          0          0          0         68   llushr.o
       188         20          0          0          0        160   malloc.o
        64          0          0          0          0         76   memmovea.o
        36          0          0          0          0        108   memseta.o
         0          0          0          8          0          0   mvars.o
      2276         96          0          0          0        596   printfa.o
        24          0          0          0          0         68   strcat.o
        20          0          0          0          0         68   strchr.o
        18          0          0          0          0         68   strcpy.o
        14          0          0          0          0         68   strlen.o
        30          0          0          0          0         80   strncmp.o
        24          0          0          0          0         76   strncpy.o
        36          0          0          0          0         80   strstr.o
        12          0          0          0          0         68   tolower.o
        44          0          0          0          0         80   uidiv.o
        98          0          0          0          0         92   uldiv.o
        48          0          0          0          0         68   cdcmple.o
        48          0          0          0          0         68   cdrcmple.o
       334          0          0          0          0        148   dadd.o
       222          0          0          0          0        100   ddiv.o
       186          0          0          0          0        176   depilogue.o
        62          0          0          0          0         80   dfixi.o
        48          0          0          0          0         68   dfixul.o
        34          0          0          0          0         76   dflti.o
       228          0          0          0          0         96   dmul.o
        46          0          0          0          0         80   dscalb.o
       162          0          0          0          0        100   dsqrt.o
        38          0          0          0          0         68   f2d.o

    ----------------------------------------------------------------------
      7604        354        144         12          0       4128   Library Totals
        12          0          0          0          0          0   (incl. Padding)

    ----------------------------------------------------------------------

      Code (inc. data)   RO Data    RW Data    ZI Data      Debug   Library Name

      3056        216        144          0          0        972   m_ws.l
      3080        138          0         12          0       2028   mc_w.l
      1456          0          0          0          0       1128   mf_w.l

    ----------------------------------------------------------------------
      7604        354        144         12          0       4128   Library Totals

    ----------------------------------------------------------------------

==============================================================================


      Code (inc. data)   RO Data    RW Data    ZI Data      Debug   

     28700       2028        492         96       3840     340226   Grand Totals
     28700       2028        492         96       3840     340226   ELF Image Totals
     28700       2028        492         96          0          0   ROM Totals

==============================================================================

    Total RO  Size (Code + RO Data)                29192 (  28.51kB)
    Total RW  Size (RW Data + ZI Data)              3936 (   3.84kB)
    Total ROM Size (Code + RO Data + RW Data)      29288 (  28.60kB)

==============================================================================

